../Drivers/OLED/ssd1306.c:8:6:ssd1306_Reset	4	static
../Drivers/OLED/ssd1306.c:13:6:ssd1306_WriteCommand	32	static
../Drivers/OLED/ssd1306.c:18:6:ssd1306_WriteData	32	static
../Drivers/OLED/ssd1306.c:63:17:ssd1306_FillBuffer	24	static
../Drivers/OLED/ssd1306.c:72:6:ssd1306_Clear	8	static
../Drivers/OLED/ssd1306.c:78:6:ssd1306_Init	8	static
../Drivers/OLED/ssd1306.c:180:6:ssd1306_Fill	16	static
../Drivers/OLED/ssd1306.c:185:6:ssd1306_UpdateScreen	16	static
../Drivers/OLED/ssd1306.c:206:6:ssd1306_DrawPixel	16	static
../Drivers/OLED/ssd1306.c:226:6:ssd1306_WriteChar	48	static
../Drivers/OLED/ssd1306.c:263:6:ssd1306_WriteString	32	static
../Drivers/OLED/ssd1306.c:277:6:ssd1306_SetCursor	16	static
../Drivers/OLED/ssd1306.c:283:6:ssd1306_Line	48	static
../Drivers/OLED/ssd1306.c:310:6:ssd1306_Polyline	40	static
../Drivers/OLED/ssd1306.c:324:14:ssd1306_DegToRad	16	static
../Drivers/OLED/ssd1306.c:329:17:ssd1306_NormalizeTo0_360	24	static
../Drivers/OLED/ssd1306.c:345:6:ssd1306_DrawArc	64	static
../Drivers/OLED/ssd1306.c:385:6:ssd1306_DrawArcWithRadiusLine	72	static
../Drivers/OLED/ssd1306.c:428:6:ssd1306_DrawCircle	40	static
../Drivers/OLED/ssd1306.c:463:6:ssd1306_FillCircle	48	static
../Drivers/OLED/ssd1306.c:499:6:ssd1306_DrawRectangle	32	static
../Drivers/OLED/ssd1306.c:509:6:ssd1306_FillRectangle	32	static
../Drivers/OLED/ssd1306.c:523:17:ssd1306_InvertRectangle	32	static
../Drivers/OLED/ssd1306.c:554:6:ssd1306_DrawBitmap	24	static
../Drivers/OLED/ssd1306.c:578:6:ssd1306_SetContrast	24	static
../Drivers/OLED/ssd1306.c:584:6:ssd1306_SetDisplayOn	24	static
../Drivers/OLED/ssd1306.c:596:9:ssd1306_GetDisplayOn	4	static
