../Core/Src/pong.c:61:6:delay_ms	16	static
../Core/Src/pong.c:66:6:tone	40	static
../Core/Src/pong.c:79:6:noTone	8	static
../Core/Src/pong.c:83:6:player1PaddleTone	8	static
../Core/Src/pong.c:88:6:player2PaddleTone	8	static
../Core/Src/pong.c:93:6:wallTone	8	static
../Core/Src/pong.c:98:6:player1_scoreTone	8	static
../Core/Src/pong.c:105:6:player2_scoreTone	8	static
../Core/Src/pong.c:112:6:startupTone	8	static
../Core/Src/pong.c:122:6:drawCourt	16	static
../Core/Src/pong.c:127:6:drawStartScreen	24	static
../Core/Src/pong.c:161:6:drawGame	24	static
../Core/Src/pong.c:190:6:drawGameOver	24	static
../Core/Src/pong.c:223:6:resetGame	4	static
../Core/Src/pong.c:237:6:pong_loop	40	static
../Core/Src/pong.c:362:6:pong_setup	8	static
