17:55:56 **** Build of configuration Debug for project Pong ****
make -j22 all 
arm-none-eabi-gcc "../Drivers/STM32L4xx_HAL_Driver/Src/stm32l4xx_hal.c" -mcpu=cortex-m4 -std=gnu11 -g3 -DDEBUG -DUSE_HAL_DRIVER -DSTM32L476xx -c -I../Core/Inc -I"C:/Users/austi/Documents/USU/junor year/microcontrollers/Final Project/Pong/Pong/Drivers/OLED" -I../Drivers/STM32L4xx_HAL_Driver/Inc -I../Drivers/STM32L4xx_HAL_Driver/Inc/Legacy -I../Drivers/CMSIS/Device/ST/STM32L4xx/Include -I../Drivers/CMSIS/Include -O0 -ffunction-sections -fdata-sections -Wall -fstack-usage -fcyclomatic-complexity -MMD -MP -MF"Drivers/STM32L4xx_HAL_Driver/Src/stm32l4xx_hal.d" -MT"Drivers/STM32L4xx_HAL_Driver/Src/stm32l4xx_hal.o" --specs=nano.specs -mfpu=fpv4-sp-d16 -mfloat-abi=hard -mthumb -o "Drivers/STM32L4xx_HAL_Driver/Src/stm32l4xx_hal.o"
arm-none-eabi-gcc "../Drivers/STM32L4xx_HAL_Driver/Src/stm32l4xx_hal_cortex.c" -mcpu=cortex-m4 -std=gnu11 -g3 -DDEBUG -DUSE_HAL_DRIVER -DSTM32L476xx -c -I../Core/Inc -I"C:/Users/austi/Documents/USU/junor year/microcontrollers/Final Project/Pong/Pong/Drivers/OLED" -I../Drivers/STM32L4xx_HAL_Driver/Inc -I../Drivers/STM32L4xx_HAL_Driver/Inc/Legacy -I../Drivers/CMSIS/Device/ST/STM32L4xx/Include -I../Drivers/CMSIS/Include -O0 -ffunction-sections -fdata-sections -Wall -fstack-usage -fcyclomatic-complexity -MMD -MP -MF"Drivers/STM32L4xx_HAL_Driver/Src/stm32l4xx_hal_cortex.d" -MT"Drivers/STM32L4xx_HAL_Driver/Src/stm32l4xx_hal_cortex.o" --specs=nano.specs -mfpu=fpv4-sp-d16 -mfloat-abi=hard -mthumb -o "Drivers/STM32L4xx_HAL_Driver/Src/stm32l4xx_hal_cortex.o"
arm-none-eabi-gcc "../Drivers/STM32L4xx_HAL_Driver/Src/stm32l4xx_hal_dma.c" -mcpu=cortex-m4 -std=gnu11 -g3 -DDEBUG -DUSE_HAL_DRIVER -DSTM32L476xx -c -I../Core/Inc -I"C:/Users/austi/Documents/USU/junor year/microcontrollers/Final Project/Pong/Pong/Drivers/OLED" -I../Drivers/STM32L4xx_HAL_Driver/Inc -I../Drivers/STM32L4xx_HAL_Driver/Inc/Legacy -I../Drivers/CMSIS/Device/ST/STM32L4xx/Include -I../Drivers/CMSIS/Include -O0 -ffunction-sections -fdata-sections -Wall -fstack-usage -fcyclomatic-complexity -MMD -MP -MF"Drivers/STM32L4xx_HAL_Driver/Src/stm32l4xx_hal_dma.d" -MT"Drivers/STM32L4xx_HAL_Driver/Src/stm32l4xx_hal_dma.o" --specs=nano.specs -mfpu=fpv4-sp-d16 -mfloat-abi=hard -mthumb -o "Drivers/STM32L4xx_HAL_Driver/Src/stm32l4xx_hal_dma.o"
arm-none-eabi-gcc "../Drivers/STM32L4xx_HAL_Driver/Src/stm32l4xx_hal_dma_ex.c" -mcpu=cortex-m4 -std=gnu11 -g3 -DDEBUG -DUSE_HAL_DRIVER -DSTM32L476xx -c -I../Core/Inc -I"C:/Users/austi/Documents/USU/junor year/microcontrollers/Final Project/Pong/Pong/Drivers/OLED" -I../Drivers/STM32L4xx_HAL_Driver/Inc -I../Drivers/STM32L4xx_HAL_Driver/Inc/Legacy -I../Drivers/CMSIS/Device/ST/STM32L4xx/Include -I../Drivers/CMSIS/Include -O0 -ffunction-sections -fdata-sections -Wall -fstack-usage -fcyclomatic-complexity -MMD -MP -MF"Drivers/STM32L4xx_HAL_Driver/Src/stm32l4xx_hal_dma_ex.d" -MT"Drivers/STM32L4xx_HAL_Driver/Src/stm32l4xx_hal_dma_ex.o" --specs=nano.specs -mfpu=fpv4-sp-d16 -mfloat-abi=hard -mthumb -o "Drivers/STM32L4xx_HAL_Driver/Src/stm32l4xx_hal_dma_ex.o"
arm-none-eabi-gcc "../Drivers/STM32L4xx_HAL_Driver/Src/stm32l4xx_hal_exti.c" -mcpu=cortex-m4 -std=gnu11 -g3 -DDEBUG -DUSE_HAL_DRIVER -DSTM32L476xx -c -I../Core/Inc -I"C:/Users/austi/Documents/USU/junor year/microcontrollers/Final Project/Pong/Pong/Drivers/OLED" -I../Drivers/STM32L4xx_HAL_Driver/Inc -I../Drivers/STM32L4xx_HAL_Driver/Inc/Legacy -I../Drivers/CMSIS/Device/ST/STM32L4xx/Include -I../Drivers/CMSIS/Include -O0 -ffunction-sections -fdata-sections -Wall -fstack-usage -fcyclomatic-complexity -MMD -MP -MF"Drivers/STM32L4xx_HAL_Driver/Src/stm32l4xx_hal_exti.d" -MT"Drivers/STM32L4xx_HAL_Driver/Src/stm32l4xx_hal_exti.o" --specs=nano.specs -mfpu=fpv4-sp-d16 -mfloat-abi=hard -mthumb -o "Drivers/STM32L4xx_HAL_Driver/Src/stm32l4xx_hal_exti.o"
arm-none-eabi-gcc "../Drivers/STM32L4xx_HAL_Driver/Src/stm32l4xx_hal_flash.c" -mcpu=cortex-m4 -std=gnu11 -g3 -DDEBUG -DUSE_HAL_DRIVER -DSTM32L476xx -c -I../Core/Inc -I"C:/Users/austi/Documents/USU/junor year/microcontrollers/Final Project/Pong/Pong/Drivers/OLED" -I../Drivers/STM32L4xx_HAL_Driver/Inc -I../Drivers/STM32L4xx_HAL_Driver/Inc/Legacy -I../Drivers/CMSIS/Device/ST/STM32L4xx/Include -I../Drivers/CMSIS/Include -O0 -ffunction-sections -fdata-sections -Wall -fstack-usage -fcyclomatic-complexity -MMD -MP -MF"Drivers/STM32L4xx_HAL_Driver/Src/stm32l4xx_hal_flash.d" -MT"Drivers/STM32L4xx_HAL_Driver/Src/stm32l4xx_hal_flash.o" --specs=nano.specs -mfpu=fpv4-sp-d16 -mfloat-abi=hard -mthumb -o "Drivers/STM32L4xx_HAL_Driver/Src/stm32l4xx_hal_flash.o"
arm-none-eabi-gcc "../Drivers/STM32L4xx_HAL_Driver/Src/stm32l4xx_hal_flash_ex.c" -mcpu=cortex-m4 -std=gnu11 -g3 -DDEBUG -DUSE_HAL_DRIVER -DSTM32L476xx -c -I../Core/Inc -I"C:/Users/austi/Documents/USU/junor year/microcontrollers/Final Project/Pong/Pong/Drivers/OLED" -I../Drivers/STM32L4xx_HAL_Driver/Inc -I../Drivers/STM32L4xx_HAL_Driver/Inc/Legacy -I../Drivers/CMSIS/Device/ST/STM32L4xx/Include -I../Drivers/CMSIS/Include -O0 -ffunction-sections -fdata-sections -Wall -fstack-usage -fcyclomatic-complexity -MMD -MP -MF"Drivers/STM32L4xx_HAL_Driver/Src/stm32l4xx_hal_flash_ex.d" -MT"Drivers/STM32L4xx_HAL_Driver/Src/stm32l4xx_hal_flash_ex.o" --specs=nano.specs -mfpu=fpv4-sp-d16 -mfloat-abi=hard -mthumb -o "Drivers/STM32L4xx_HAL_Driver/Src/stm32l4xx_hal_flash_ex.o"
arm-none-eabi-gcc "../Drivers/STM32L4xx_HAL_Driver/Src/stm32l4xx_hal_flash_ramfunc.c" -mcpu=cortex-m4 -std=gnu11 -g3 -DDEBUG -DUSE_HAL_DRIVER -DSTM32L476xx -c -I../Core/Inc -I"C:/Users/austi/Documents/USU/junor year/microcontrollers/Final Project/Pong/Pong/Drivers/OLED" -I../Drivers/STM32L4xx_HAL_Driver/Inc -I../Drivers/STM32L4xx_HAL_Driver/Inc/Legacy -I../Drivers/CMSIS/Device/ST/STM32L4xx/Include -I../Drivers/CMSIS/Include -O0 -ffunction-sections -fdata-sections -Wall -fstack-usage -fcyclomatic-complexity -MMD -MP -MF"Drivers/STM32L4xx_HAL_Driver/Src/stm32l4xx_hal_flash_ramfunc.d" -MT"Drivers/STM32L4xx_HAL_Driver/Src/stm32l4xx_hal_flash_ramfunc.o" --specs=nano.specs -mfpu=fpv4-sp-d16 -mfloat-abi=hard -mthumb -o "Drivers/STM32L4xx_HAL_Driver/Src/stm32l4xx_hal_flash_ramfunc.o"
arm-none-eabi-gcc "../Drivers/STM32L4xx_HAL_Driver/Src/stm32l4xx_hal_gpio.c" -mcpu=cortex-m4 -std=gnu11 -g3 -DDEBUG -DUSE_HAL_DRIVER -DSTM32L476xx -c -I../Core/Inc -I"C:/Users/austi/Documents/USU/junor year/microcontrollers/Final Project/Pong/Pong/Drivers/OLED" -I../Drivers/STM32L4xx_HAL_Driver/Inc -I../Drivers/STM32L4xx_HAL_Driver/Inc/Legacy -I../Drivers/CMSIS/Device/ST/STM32L4xx/Include -I../Drivers/CMSIS/Include -O0 -ffunction-sections -fdata-sections -Wall -fstack-usage -fcyclomatic-complexity -MMD -MP -MF"Drivers/STM32L4xx_HAL_Driver/Src/stm32l4xx_hal_gpio.d" -MT"Drivers/STM32L4xx_HAL_Driver/Src/stm32l4xx_hal_gpio.o" --specs=nano.specs -mfpu=fpv4-sp-d16 -mfloat-abi=hard -mthumb -o "Drivers/STM32L4xx_HAL_Driver/Src/stm32l4xx_hal_gpio.o"
arm-none-eabi-gcc "../Drivers/STM32L4xx_HAL_Driver/Src/stm32l4xx_hal_i2c.c" -mcpu=cortex-m4 -std=gnu11 -g3 -DDEBUG -DUSE_HAL_DRIVER -DSTM32L476xx -c -I../Core/Inc -I"C:/Users/austi/Documents/USU/junor year/microcontrollers/Final Project/Pong/Pong/Drivers/OLED" -I../Drivers/STM32L4xx_HAL_Driver/Inc -I../Drivers/STM32L4xx_HAL_Driver/Inc/Legacy -I../Drivers/CMSIS/Device/ST/STM32L4xx/Include -I../Drivers/CMSIS/Include -O0 -ffunction-sections -fdata-sections -Wall -fstack-usage -fcyclomatic-complexity -MMD -MP -MF"Drivers/STM32L4xx_HAL_Driver/Src/stm32l4xx_hal_i2c.d" -MT"Drivers/STM32L4xx_HAL_Driver/Src/stm32l4xx_hal_i2c.o" --specs=nano.specs -mfpu=fpv4-sp-d16 -mfloat-abi=hard -mthumb -o "Drivers/STM32L4xx_HAL_Driver/Src/stm32l4xx_hal_i2c.o"
arm-none-eabi-gcc "../Drivers/STM32L4xx_HAL_Driver/Src/stm32l4xx_hal_i2c_ex.c" -mcpu=cortex-m4 -std=gnu11 -g3 -DDEBUG -DUSE_HAL_DRIVER -DSTM32L476xx -c -I../Core/Inc -I"C:/Users/austi/Documents/USU/junor year/microcontrollers/Final Project/Pong/Pong/Drivers/OLED" -I../Drivers/STM32L4xx_HAL_Driver/Inc -I../Drivers/STM32L4xx_HAL_Driver/Inc/Legacy -I../Drivers/CMSIS/Device/ST/STM32L4xx/Include -I../Drivers/CMSIS/Include -O0 -ffunction-sections -fdata-sections -Wall -fstack-usage -fcyclomatic-complexity -MMD -MP -MF"Drivers/STM32L4xx_HAL_Driver/Src/stm32l4xx_hal_i2c_ex.d" -MT"Drivers/STM32L4xx_HAL_Driver/Src/stm32l4xx_hal_i2c_ex.o" --specs=nano.specs -mfpu=fpv4-sp-d16 -mfloat-abi=hard -mthumb -o "Drivers/STM32L4xx_HAL_Driver/Src/stm32l4xx_hal_i2c_ex.o"
arm-none-eabi-gcc "../Drivers/STM32L4xx_HAL_Driver/Src/stm32l4xx_hal_pwr.c" -mcpu=cortex-m4 -std=gnu11 -g3 -DDEBUG -DUSE_HAL_DRIVER -DSTM32L476xx -c -I../Core/Inc -I"C:/Users/austi/Documents/USU/junor year/microcontrollers/Final Project/Pong/Pong/Drivers/OLED" -I../Drivers/STM32L4xx_HAL_Driver/Inc -I../Drivers/STM32L4xx_HAL_Driver/Inc/Legacy -I../Drivers/CMSIS/Device/ST/STM32L4xx/Include -I../Drivers/CMSIS/Include -O0 -ffunction-sections -fdata-sections -Wall -fstack-usage -fcyclomatic-complexity -MMD -MP -MF"Drivers/STM32L4xx_HAL_Driver/Src/stm32l4xx_hal_pwr.d" -MT"Drivers/STM32L4xx_HAL_Driver/Src/stm32l4xx_hal_pwr.o" --specs=nano.specs -mfpu=fpv4-sp-d16 -mfloat-abi=hard -mthumb -o "Drivers/STM32L4xx_HAL_Driver/Src/stm32l4xx_hal_pwr.o"
arm-none-eabi-gcc "../Drivers/STM32L4xx_HAL_Driver/Src/stm32l4xx_hal_pwr_ex.c" -mcpu=cortex-m4 -std=gnu11 -g3 -DDEBUG -DUSE_HAL_DRIVER -DSTM32L476xx -c -I../Core/Inc -I"C:/Users/austi/Documents/USU/junor year/microcontrollers/Final Project/Pong/Pong/Drivers/OLED" -I../Drivers/STM32L4xx_HAL_Driver/Inc -I../Drivers/STM32L4xx_HAL_Driver/Inc/Legacy -I../Drivers/CMSIS/Device/ST/STM32L4xx/Include -I../Drivers/CMSIS/Include -O0 -ffunction-sections -fdata-sections -Wall -fstack-usage -fcyclomatic-complexity -MMD -MP -MF"Drivers/STM32L4xx_HAL_Driver/Src/stm32l4xx_hal_pwr_ex.d" -MT"Drivers/STM32L4xx_HAL_Driver/Src/stm32l4xx_hal_pwr_ex.o" --specs=nano.specs -mfpu=fpv4-sp-d16 -mfloat-abi=hard -mthumb -o "Drivers/STM32L4xx_HAL_Driver/Src/stm32l4xx_hal_pwr_ex.o"
arm-none-eabi-gcc "../Drivers/STM32L4xx_HAL_Driver/Src/stm32l4xx_hal_rcc.c" -mcpu=cortex-m4 -std=gnu11 -g3 -DDEBUG -DUSE_HAL_DRIVER -DSTM32L476xx -c -I../Core/Inc -I"C:/Users/austi/Documents/USU/junor year/microcontrollers/Final Project/Pong/Pong/Drivers/OLED" -I../Drivers/STM32L4xx_HAL_Driver/Inc -I../Drivers/STM32L4xx_HAL_Driver/Inc/Legacy -I../Drivers/CMSIS/Device/ST/STM32L4xx/Include -I../Drivers/CMSIS/Include -O0 -ffunction-sections -fdata-sections -Wall -fstack-usage -fcyclomatic-complexity -MMD -MP -MF"Drivers/STM32L4xx_HAL_Driver/Src/stm32l4xx_hal_rcc.d" -MT"Drivers/STM32L4xx_HAL_Driver/Src/stm32l4xx_hal_rcc.o" --specs=nano.specs -mfpu=fpv4-sp-d16 -mfloat-abi=hard -mthumb -o "Drivers/STM32L4xx_HAL_Driver/Src/stm32l4xx_hal_rcc.o"
arm-none-eabi-gcc "../Drivers/STM32L4xx_HAL_Driver/Src/stm32l4xx_hal_rcc_ex.c" -mcpu=cortex-m4 -std=gnu11 -g3 -DDEBUG -DUSE_HAL_DRIVER -DSTM32L476xx -c -I../Core/Inc -I"C:/Users/austi/Documents/USU/junor year/microcontrollers/Final Project/Pong/Pong/Drivers/OLED" -I../Drivers/STM32L4xx_HAL_Driver/Inc -I../Drivers/STM32L4xx_HAL_Driver/Inc/Legacy -I../Drivers/CMSIS/Device/ST/STM32L4xx/Include -I../Drivers/CMSIS/Include -O0 -ffunction-sections -fdata-sections -Wall -fstack-usage -fcyclomatic-complexity -MMD -MP -MF"Drivers/STM32L4xx_HAL_Driver/Src/stm32l4xx_hal_rcc_ex.d" -MT"Drivers/STM32L4xx_HAL_Driver/Src/stm32l4xx_hal_rcc_ex.o" --specs=nano.specs -mfpu=fpv4-sp-d16 -mfloat-abi=hard -mthumb -o "Drivers/STM32L4xx_HAL_Driver/Src/stm32l4xx_hal_rcc_ex.o"
arm-none-eabi-gcc "../Drivers/STM32L4xx_HAL_Driver/Src/stm32l4xx_hal_uart.c" -mcpu=cortex-m4 -std=gnu11 -g3 -DDEBUG -DUSE_HAL_DRIVER -DSTM32L476xx -c -I../Core/Inc -I"C:/Users/austi/Documents/USU/junor year/microcontrollers/Final Project/Pong/Pong/Drivers/OLED" -I../Drivers/STM32L4xx_HAL_Driver/Inc -I../Drivers/STM32L4xx_HAL_Driver/Inc/Legacy -I../Drivers/CMSIS/Device/ST/STM32L4xx/Include -I../Drivers/CMSIS/Include -O0 -ffunction-sections -fdata-sections -Wall -fstack-usage -fcyclomatic-complexity -MMD -MP -MF"Drivers/STM32L4xx_HAL_Driver/Src/stm32l4xx_hal_uart.d" -MT"Drivers/STM32L4xx_HAL_Driver/Src/stm32l4xx_hal_uart.o" --specs=nano.specs -mfpu=fpv4-sp-d16 -mfloat-abi=hard -mthumb -o "Drivers/STM32L4xx_HAL_Driver/Src/stm32l4xx_hal_uart.o"
arm-none-eabi-gcc "../Drivers/STM32L4xx_HAL_Driver/Src/stm32l4xx_hal_uart_ex.c" -mcpu=cortex-m4 -std=gnu11 -g3 -DDEBUG -DUSE_HAL_DRIVER -DSTM32L476xx -c -I../Core/Inc -I"C:/Users/austi/Documents/USU/junor year/microcontrollers/Final Project/Pong/Pong/Drivers/OLED" -I../Drivers/STM32L4xx_HAL_Driver/Inc -I../Drivers/STM32L4xx_HAL_Driver/Inc/Legacy -I../Drivers/CMSIS/Device/ST/STM32L4xx/Include -I../Drivers/CMSIS/Include -O0 -ffunction-sections -fdata-sections -Wall -fstack-usage -fcyclomatic-complexity -MMD -MP -MF"Drivers/STM32L4xx_HAL_Driver/Src/stm32l4xx_hal_uart_ex.d" -MT"Drivers/STM32L4xx_HAL_Driver/Src/stm32l4xx_hal_uart_ex.o" --specs=nano.specs -mfpu=fpv4-sp-d16 -mfloat-abi=hard -mthumb -o "Drivers/STM32L4xx_HAL_Driver/Src/stm32l4xx_hal_uart_ex.o"
arm-none-eabi-gcc "../Drivers/OLED/ssd1306.c" -mcpu=cortex-m4 -std=gnu11 -g3 -DDEBUG -DUSE_HAL_DRIVER -DSTM32L476xx -c -I../Core/Inc -I"C:/Users/austi/Documents/USU/junor year/microcontrollers/Final Project/Pong/Pong/Drivers/OLED" -I../Drivers/STM32L4xx_HAL_Driver/Inc -I../Drivers/STM32L4xx_HAL_Driver/Inc/Legacy -I../Drivers/CMSIS/Device/ST/STM32L4xx/Include -I../Drivers/CMSIS/Include -O0 -ffunction-sections -fdata-sections -Wall -fstack-usage -fcyclomatic-complexity -MMD -MP -MF"Drivers/OLED/ssd1306.d" -MT"Drivers/OLED/ssd1306.o" --specs=nano.specs -mfpu=fpv4-sp-d16 -mfloat-abi=hard -mthumb -o "Drivers/OLED/ssd1306.o"
arm-none-eabi-gcc "../Drivers/OLED/ssd1306_fonts.c" -mcpu=cortex-m4 -std=gnu11 -g3 -DDEBUG -DUSE_HAL_DRIVER -DSTM32L476xx -c -I../Core/Inc -I"C:/Users/austi/Documents/USU/junor year/microcontrollers/Final Project/Pong/Pong/Drivers/OLED" -I../Drivers/STM32L4xx_HAL_Driver/Inc -I../Drivers/STM32L4xx_HAL_Driver/Inc/Legacy -I../Drivers/CMSIS/Device/ST/STM32L4xx/Include -I../Drivers/CMSIS/Include -O0 -ffunction-sections -fdata-sections -Wall -fstack-usage -fcyclomatic-complexity -MMD -MP -MF"Drivers/OLED/ssd1306_fonts.d" -MT"Drivers/OLED/ssd1306_fonts.o" --specs=nano.specs -mfpu=fpv4-sp-d16 -mfloat-abi=hard -mthumb -o "Drivers/OLED/ssd1306_fonts.o"
arm-none-eabi-gcc -mcpu=cortex-m4 -g3 -DDEBUG -c -x assembler-with-cpp -MMD -MP -MF"Core/Startup/startup_stm32l476rgtx.d" -MT"Core/Startup/startup_stm32l476rgtx.o" --specs=nano.specs -mfpu=fpv4-sp-d16 -mfloat-abi=hard -mthumb -o "Core/Startup/startup_stm32l476rgtx.o" "../Core/Startup/startup_stm32l476rgtx.s"
arm-none-eabi-gcc "../Core/Src/main.c" -mcpu=cortex-m4 -std=gnu11 -g3 -DDEBUG -DUSE_HAL_DRIVER -DSTM32L476xx -c -I../Core/Inc -I"C:/Users/austi/Documents/USU/junor year/microcontrollers/Final Project/Pong/Pong/Drivers/OLED" -I../Drivers/STM32L4xx_HAL_Driver/Inc -I../Drivers/STM32L4xx_HAL_Driver/Inc/Legacy -I../Drivers/CMSIS/Device/ST/STM32L4xx/Include -I../Drivers/CMSIS/Include -O0 -ffunction-sections -fdata-sections -Wall -fstack-usage -fcyclomatic-complexity -MMD -MP -MF"Core/Src/main.d" -MT"Core/Src/main.o" --specs=nano.specs -mfpu=fpv4-sp-d16 -mfloat-abi=hard -mthumb -o "Core/Src/main.o"
arm-none-eabi-gcc "../Core/Src/stm32l4xx_hal_msp.c" -mcpu=cortex-m4 -std=gnu11 -g3 -DDEBUG -DUSE_HAL_DRIVER -DSTM32L476xx -c -I../Core/Inc -I"C:/Users/austi/Documents/USU/junor year/microcontrollers/Final Project/Pong/Pong/Drivers/OLED" -I../Drivers/STM32L4xx_HAL_Driver/Inc -I../Drivers/STM32L4xx_HAL_Driver/Inc/Legacy -I../Drivers/CMSIS/Device/ST/STM32L4xx/Include -I../Drivers/CMSIS/Include -O0 -ffunction-sections -fdata-sections -Wall -fstack-usage -fcyclomatic-complexity -MMD -MP -MF"Core/Src/stm32l4xx_hal_msp.d" -MT"Core/Src/stm32l4xx_hal_msp.o" --specs=nano.specs -mfpu=fpv4-sp-d16 -mfloat-abi=hard -mthumb -o "Core/Src/stm32l4xx_hal_msp.o"
arm-none-eabi-gcc "../Core/Src/stm32l4xx_it.c" -mcpu=cortex-m4 -std=gnu11 -g3 -DDEBUG -DUSE_HAL_DRIVER -DSTM32L476xx -c -I../Core/Inc -I"C:/Users/austi/Documents/USU/junor year/microcontrollers/Final Project/Pong/Pong/Drivers/OLED" -I../Drivers/STM32L4xx_HAL_Driver/Inc -I../Drivers/STM32L4xx_HAL_Driver/Inc/Legacy -I../Drivers/CMSIS/Device/ST/STM32L4xx/Include -I../Drivers/CMSIS/Include -O0 -ffunction-sections -fdata-sections -Wall -fstack-usage -fcyclomatic-complexity -MMD -MP -MF"Core/Src/stm32l4xx_it.d" -MT"Core/Src/stm32l4xx_it.o" --specs=nano.specs -mfpu=fpv4-sp-d16 -mfloat-abi=hard -mthumb -o "Core/Src/stm32l4xx_it.o"
arm-none-eabi-gcc "../Core/Src/syscalls.c" -mcpu=cortex-m4 -std=gnu11 -g3 -DDEBUG -DUSE_HAL_DRIVER -DSTM32L476xx -c -I../Core/Inc -I"C:/Users/austi/Documents/USU/junor year/microcontrollers/Final Project/Pong/Pong/Drivers/OLED" -I../Drivers/STM32L4xx_HAL_Driver/Inc -I../Drivers/STM32L4xx_HAL_Driver/Inc/Legacy -I../Drivers/CMSIS/Device/ST/STM32L4xx/Include -I../Drivers/CMSIS/Include -O0 -ffunction-sections -fdata-sections -Wall -fstack-usage -fcyclomatic-complexity -MMD -MP -MF"Core/Src/syscalls.d" -MT"Core/Src/syscalls.o" --specs=nano.specs -mfpu=fpv4-sp-d16 -mfloat-abi=hard -mthumb -o "Core/Src/syscalls.o"
arm-none-eabi-gcc "../Core/Src/sysmem.c" -mcpu=cortex-m4 -std=gnu11 -g3 -DDEBUG -DUSE_HAL_DRIVER -DSTM32L476xx -c -I../Core/Inc -I"C:/Users/austi/Documents/USU/junor year/microcontrollers/Final Project/Pong/Pong/Drivers/OLED" -I../Drivers/STM32L4xx_HAL_Driver/Inc -I../Drivers/STM32L4xx_HAL_Driver/Inc/Legacy -I../Drivers/CMSIS/Device/ST/STM32L4xx/Include -I../Drivers/CMSIS/Include -O0 -ffunction-sections -fdata-sections -Wall -fstack-usage -fcyclomatic-complexity -MMD -MP -MF"Core/Src/sysmem.d" -MT"Core/Src/sysmem.o" --specs=nano.specs -mfpu=fpv4-sp-d16 -mfloat-abi=hard -mthumb -o "Core/Src/sysmem.o"
arm-none-eabi-gcc "../Core/Src/system_stm32l4xx.c" -mcpu=cortex-m4 -std=gnu11 -g3 -DDEBUG -DUSE_HAL_DRIVER -DSTM32L476xx -c -I../Core/Inc -I"C:/Users/austi/Documents/USU/junor year/microcontrollers/Final Project/Pong/Pong/Drivers/OLED" -I../Drivers/STM32L4xx_HAL_Driver/Inc -I../Drivers/STM32L4xx_HAL_Driver/Inc/Legacy -I../Drivers/CMSIS/Device/ST/STM32L4xx/Include -I../Drivers/CMSIS/Include -O0 -ffunction-sections -fdata-sections -Wall -fstack-usage -fcyclomatic-complexity -MMD -MP -MF"Core/Src/system_stm32l4xx.d" -MT"Core/Src/system_stm32l4xx.o" --specs=nano.specs -mfpu=fpv4-sp-d16 -mfloat-abi=hard -mthumb -o "Core/Src/system_stm32l4xx.o"
arm-none-eabi-gcc -o "Pong.elf" @"objects.list"   -mcpu=cortex-m4 -T"C:\Users\austi\Documents\USU\junor year\microcontrollers\Final Project\Pong\Pong\STM32L476RGTX_FLASH.ld" --specs=nosys.specs -Wl,-Map="Pong.map" -Wl,--gc-sections -static --specs=nano.specs -mfpu=fpv4-sp-d16 -mfloat-abi=hard -mthumb -Wl,--start-group -lc -lm -Wl,--end-group
Finished building target: Pong.elf
 
arm-none-eabi-size  Pong.elf 
arm-none-eabi-objdump -h -S Pong.elf  > "Pong.list"
   text	   data	    bss	    dec	    hex	filename
  13304	     12	   1788	  15104	   3b00	Pong.elf
Finished building: default.size.stdout
 
Finished building: Pong.list
 
18:04:12 **** Incremental Build of configuration Debug for project Pong ****
make -j22 all 
arm-none-eabi-gcc "../Core/Src/main.c" -mcpu=cortex-m4 -std=gnu11 -g3 -DDEBUG -DUSE_HAL_DRIVER -DSTM32L476xx -c -I../Core/Inc -I"C:/Users/austi/Documents/USU/junor year/microcontrollers/Final Project/Pong/Pong/Drivers/OLED" -I../Drivers/STM32L4xx_HAL_Driver/Inc -I../Drivers/STM32L4xx_HAL_Driver/Inc/Legacy -I../Drivers/CMSIS/Device/ST/STM32L4xx/Include -I../Drivers/CMSIS/Include -O0 -ffunction-sections -fdata-sections -Wall -fstack-usage -fcyclomatic-complexity -MMD -MP -MF"Core/Src/main.d" -MT"Core/Src/main.o" --specs=nano.specs -mfpu=fpv4-sp-d16 -mfloat-abi=hard -mthumb -o "Core/Src/main.o"
../Core/Src/main.c: In function 'main':
../Core/Src/main.c:98:3: warning: implicit declaration of function 'ssd1306_Init' [-Wimplicit-function-declaration]
   98 |   ssd1306_Init();
      |   ^~~~~~~~~~~~
../Core/Src/main.c:99:3: warning: implicit declaration of function 'ssd1306_fill' [-Wimplicit-function-declaration]
   99 |   ssd1306_fill(White);
      |   ^~~~~~~~~~~~
../Core/Src/main.c:99:16: error: 'White' undeclared (first use in this function)
   99 |   ssd1306_fill(White);
      |                ^~~~~
../Core/Src/main.c:99:16: note: each undeclared identifier is reported only once for each function it appears in
../Core/Src/main.c:100:3: warning: implicit declaration of function 'ssd1306_UpdateScreen' [-Wimplicit-function-declaration]
  100 |   ssd1306_UpdateScreen();
      |   ^~~~~~~~~~~~~~~~~~~~
make: *** [Core/Src/subdir.mk:34: Core/Src/main.o] Error 1
"make -j22 all" terminated with exit code 2. Build might be incomplete.
18:49:14 **** Incremental Build of configuration Debug for project Pong ****
make -j22 all 
arm-none-eabi-gcc "../Core/Src/main.c" -mcpu=cortex-m4 -std=gnu11 -g3 -DDEBUG -DUSE_HAL_DRIVER -DSTM32L476xx -c -I../Core/Inc -I"C:/Users/austi/Documents/USU/junor year/microcontrollers/Final Project/Pong/Pong/Drivers/OLED" -I../Drivers/STM32L4xx_HAL_Driver/Inc -I../Drivers/STM32L4xx_HAL_Driver/Inc/Legacy -I../Drivers/CMSIS/Device/ST/STM32L4xx/Include -I../Drivers/CMSIS/Include -O0 -ffunction-sections -fdata-sections -Wall -fstack-usage -fcyclomatic-complexity -MMD -MP -MF"Core/Src/main.d" -MT"Core/Src/main.o" --specs=nano.specs -mfpu=fpv4-sp-d16 -mfloat-abi=hard -mthumb -o "Core/Src/main.o"
../Core/Src/main.c: In function 'main':
../Core/Src/main.c:102:3: warning: implicit declaration of function 'ssd1306_fill'; did you mean 'ssd1306_Fill'? [-Wimplicit-function-declaration]
  102 |   ssd1306_fill(White);
      |   ^~~~~~~~~~~~
      |   ssd1306_Fill
arm-none-eabi-gcc -o "Pong.elf" @"objects.list"   -mcpu=cortex-m4 -T"C:\Users\austi\Documents\USU\junor year\microcontrollers\Final Project\Pong\Pong\STM32L476RGTX_FLASH.ld" --specs=nosys.specs -Wl,-Map="Pong.map" -Wl,--gc-sections -static --specs=nano.specs -mfpu=fpv4-sp-d16 -mfloat-abi=hard -mthumb -Wl,--start-group -lc -lm -Wl,--end-group
C:/ST/STM32CubeIDE_1.19.0/STM32CubeIDE/plugins/com.st.stm32cube.ide.mcu.externaltools.gnu-tools-for-stm32.13.3.rel1.win32_1.0.0.202411081344/tools/bin/../lib/gcc/arm-none-eabi/13.3.1/../../../../arm-none-eabi/bin/ld.exe: ./Core/Src/main.o: in function `main':
C:/Users/austi/Documents/USU/junor year/microcontrollers/Final Project/Pong/Pong/Debug/../Core/Src/main.c:102:(.text.main+0x1e): undefined reference to `ssd1306_fill'
collect2.exe: error: ld returned 1 exit status
make: *** [makefile:65: Pong.elf] Error 1
"make -j22 all" terminated with exit code 2. Build might be incomplete.
18:49:53 **** Incremental Build of configuration Debug for project Pong ****
make -j22 all 
arm-none-eabi-gcc "../Core/Src/main.c" -mcpu=cortex-m4 -std=gnu11 -g3 -DDEBUG -DUSE_HAL_DRIVER -DSTM32L476xx -c -I../Core/Inc -I"C:/Users/austi/Documents/USU/junor year/microcontrollers/Final Project/Pong/Pong/Drivers/OLED" -I../Drivers/STM32L4xx_HAL_Driver/Inc -I../Drivers/STM32L4xx_HAL_Driver/Inc/Legacy -I../Drivers/CMSIS/Device/ST/STM32L4xx/Include -I../Drivers/CMSIS/Include -O0 -ffunction-sections -fdata-sections -Wall -fstack-usage -fcyclomatic-complexity -MMD -MP -MF"Core/Src/main.d" -MT"Core/Src/main.o" --specs=nano.specs -mfpu=fpv4-sp-d16 -mfloat-abi=hard -mthumb -o "Core/Src/main.o"
arm-none-eabi-gcc -o "Pong.elf" @"objects.list"   -mcpu=cortex-m4 -T"C:\Users\austi\Documents\USU\junor year\microcontrollers\Final Project\Pong\Pong\STM32L476RGTX_FLASH.ld" --specs=nosys.specs -Wl,-Map="Pong.map" -Wl,--gc-sections -static --specs=nano.specs -mfpu=fpv4-sp-d16 -mfloat-abi=hard -mthumb -Wl,--start-group -lc -lm -Wl,--end-group
Finished building target: Pong.elf
 
arm-none-eabi-size  Pong.elf 
arm-none-eabi-objdump -h -S Pong.elf  > "Pong.list"
   text	   data	    bss	    dec	    hex	filename
  15740	     12	   2820	  18572	   488c	Pong.elf
Finished building: default.size.stdout
 
Finished building: Pong.list
 
18:50:10 **** Incremental Build of configuration Debug for project Pong ****
make -j22 all 
arm-none-eabi-gcc "../Core/Src/main.c" -mcpu=cortex-m4 -std=gnu11 -g3 -DDEBUG -DUSE_HAL_DRIVER -DSTM32L476xx -c -I../Core/Inc -I"C:/Users/austi/Documents/USU/junor year/microcontrollers/Final Project/Pong/Pong/Drivers/OLED" -I../Drivers/STM32L4xx_HAL_Driver/Inc -I../Drivers/STM32L4xx_HAL_Driver/Inc/Legacy -I../Drivers/CMSIS/Device/ST/STM32L4xx/Include -I../Drivers/CMSIS/Include -O0 -ffunction-sections -fdata-sections -Wall -fstack-usage -fcyclomatic-complexity -MMD -MP -MF"Core/Src/main.d" -MT"Core/Src/main.o" --specs=nano.specs -mfpu=fpv4-sp-d16 -mfloat-abi=hard -mthumb -o "Core/Src/main.o"
../Core/Src/main.c: In function 'main':
../Core/Src/main.c:101:3: warning: implicit declaration of function 'ssd1306_Init' [-Wimplicit-function-declaration]
  101 |   ssd1306_Init();
      |   ^~~~~~~~~~~~
../Core/Src/main.c:102:3: warning: implicit declaration of function 'ssd1306_Fill' [-Wimplicit-function-declaration]
  102 |   ssd1306_Fill(White);
      |   ^~~~~~~~~~~~
../Core/Src/main.c:102:16: error: 'White' undeclared (first use in this function)
  102 |   ssd1306_Fill(White);
      |                ^~~~~
../Core/Src/main.c:102:16: note: each undeclared identifier is reported only once for each function it appears in
../Core/Src/main.c:103:3: warning: implicit declaration of function 'ssd1306_UpdateScreen' [-Wimplicit-function-declaration]
  103 |   ssd1306_UpdateScreen();
      |   ^~~~~~~~~~~~~~~~~~~~
make: *** [Core/Src/subdir.mk:34: Core/Src/main.o] Error 1
"make -j22 all" terminated with exit code 2. Build might be incomplete.
18:50:13 **** Incremental Build of configuration Debug for project Pong ****
make -j22 all 
arm-none-eabi-gcc "../Core/Src/main.c" -mcpu=cortex-m4 -std=gnu11 -g3 -DDEBUG -DUSE_HAL_DRIVER -DSTM32L476xx -c -I../Core/Inc -I"C:/Users/austi/Documents/USU/junor year/microcontrollers/Final Project/Pong/Pong/Drivers/OLED" -I../Drivers/STM32L4xx_HAL_Driver/Inc -I../Drivers/STM32L4xx_HAL_Driver/Inc/Legacy -I../Drivers/CMSIS/Device/ST/STM32L4xx/Include -I../Drivers/CMSIS/Include -O0 -ffunction-sections -fdata-sections -Wall -fstack-usage -fcyclomatic-complexity -MMD -MP -MF"Core/Src/main.d" -MT"Core/Src/main.o" --specs=nano.specs -mfpu=fpv4-sp-d16 -mfloat-abi=hard -mthumb -o "Core/Src/main.o"
arm-none-eabi-gcc -o "Pong.elf" @"objects.list"   -mcpu=cortex-m4 -T"C:\Users\austi\Documents\USU\junor year\microcontrollers\Final Project\Pong\Pong\STM32L476RGTX_FLASH.ld" --specs=nosys.specs -Wl,-Map="Pong.map" -Wl,--gc-sections -static --specs=nano.specs -mfpu=fpv4-sp-d16 -mfloat-abi=hard -mthumb -Wl,--start-group -lc -lm -Wl,--end-group
Finished building target: Pong.elf
 
arm-none-eabi-size  Pong.elf 
arm-none-eabi-objdump -h -S Pong.elf  > "Pong.list"
   text	   data	    bss	    dec	    hex	filename
  15740	     12	   2820	  18572	   488c	Pong.elf
Finished building: default.size.stdout
 
Finished building: Pong.list
 
18:50:55 **** Incremental Build of configuration Debug for project Pong ****
make -j22 all 
arm-none-eabi-size  Pong.elf 
   text	   data	    bss	    dec	    hex	filename
  15740	     12	   2820	  18572	   488c	Pong.elf
Finished building: default.size.stdout
 
18:52:21 **** Incremental Build of configuration Debug for project Pong ****
make -j22 all 
arm-none-eabi-size  Pong.elf 
   text	   data	    bss	    dec	    hex	filename
  15740	     12	   2820	  18572	   488c	Pong.elf
Finished building: default.size.stdout
 
18:58:25 **** Incremental Build of configuration Debug for project Pong ****
make -j22 all 
arm-none-eabi-gcc "../Core/Src/main.c" -mcpu=cortex-m4 -std=gnu11 -g3 -DDEBUG -DUSE_HAL_DRIVER -DSTM32L476xx -c -I../Core/Inc -I"C:/Users/austi/Documents/USU/junor year/microcontrollers/Final Project/Pong/Pong/Drivers/OLED" -I../Drivers/STM32L4xx_HAL_Driver/Inc -I../Drivers/STM32L4xx_HAL_Driver/Inc/Legacy -I../Drivers/CMSIS/Device/ST/STM32L4xx/Include -I../Drivers/CMSIS/Include -O0 -ffunction-sections -fdata-sections -Wall -fstack-usage -fcyclomatic-complexity -MMD -MP -MF"Core/Src/main.d" -MT"Core/Src/main.o" --specs=nano.specs -mfpu=fpv4-sp-d16 -mfloat-abi=hard -mthumb -o "Core/Src/main.o"
../Core/Src/main.c: In function 'main':
../Core/Src/main.c:102:16: error: 'Green' undeclared (first use in this function)
  102 |   ssd1306_Fill(Green);
      |                ^~~~~
../Core/Src/main.c:102:16: note: each undeclared identifier is reported only once for each function it appears in
make: *** [Core/Src/subdir.mk:34: Core/Src/main.o] Error 1
"make -j22 all" terminated with exit code 2. Build might be incomplete.
19:03:56 **** Incremental Build of configuration Debug for project Pong ****
make -j22 all 
arm-none-eabi-gcc "../Core/Src/main.c" -mcpu=cortex-m4 -std=gnu11 -g3 -DDEBUG -DUSE_HAL_DRIVER -DSTM32L476xx -c -I../Core/Inc -I"C:/Users/austi/Documents/USU/junor year/microcontrollers/Final Project/Pong/Pong/Drivers/OLED" -I../Drivers/STM32L4xx_HAL_Driver/Inc -I../Drivers/STM32L4xx_HAL_Driver/Inc/Legacy -I../Drivers/CMSIS/Device/ST/STM32L4xx/Include -I../Drivers/CMSIS/Include -O0 -ffunction-sections -fdata-sections -Wall -fstack-usage -fcyclomatic-complexity -MMD -MP -MF"Core/Src/main.d" -MT"Core/Src/main.o" --specs=nano.specs -mfpu=fpv4-sp-d16 -mfloat-abi=hard -mthumb -o "Core/Src/main.o"
arm-none-eabi-gcc -o "Pong.elf" @"objects.list"   -mcpu=cortex-m4 -T"C:\Users\austi\Documents\USU\junor year\microcontrollers\Final Project\Pong\Pong\STM32L476RGTX_FLASH.ld" --specs=nosys.specs -Wl,-Map="Pong.map" -Wl,--gc-sections -static --specs=nano.specs -mfpu=fpv4-sp-d16 -mfloat-abi=hard -mthumb -Wl,--start-group -lc -lm -Wl,--end-group
Finished building target: Pong.elf
 
arm-none-eabi-size  Pong.elf 
arm-none-eabi-objdump -h -S Pong.elf  > "Pong.list"
   text	   data	    bss	    dec	    hex	filename
  15740	     12	   2820	  18572	   488c	Pong.elf
Finished building: default.size.stdout
 
Finished building: Pong.list
 
19:04:02 **** Incremental Build of configuration Debug for project Pong ****
make -j22 all 
arm-none-eabi-size  Pong.elf 
   text	   data	    bss	    dec	    hex	filename
  15740	     12	   2820	  18572	   488c	Pong.elf
Finished building: default.size.stdout
 
23:11:38 **** Incremental Build of configuration Debug for project Pong ****
make -j22 all 
arm-none-eabi-gcc "../Core/Src/main.c" -mcpu=cortex-m4 -std=gnu11 -g3 -DDEBUG -DUSE_HAL_DRIVER -DSTM32L476xx -c -I../Core/Inc -I"C:/Users/austi/Documents/USU/junor year/microcontrollers/Final Project/Pong/Pong/Drivers/OLED" -I../Drivers/STM32L4xx_HAL_Driver/Inc -I../Drivers/STM32L4xx_HAL_Driver/Inc/Legacy -I../Drivers/CMSIS/Device/ST/STM32L4xx/Include -I../Drivers/CMSIS/Include -O0 -ffunction-sections -fdata-sections -Wall -fstack-usage -fcyclomatic-complexity -MMD -MP -MF"Core/Src/main.d" -MT"Core/Src/main.o" --specs=nano.specs -mfpu=fpv4-sp-d16 -mfloat-abi=hard -mthumb -o "Core/Src/main.o"
../Core/Src/main.c: In function 'main':
../Core/Src/main.c:77:14: warning: variable 'retVal' set but not used [-Wunused-but-set-variable]
   77 |         char retVal;
      |              ^~~~~~
arm-none-eabi-gcc -o "Pong.elf" @"objects.list"   -mcpu=cortex-m4 -T"C:\Users\austi\Documents\USU\junor year\microcontrollers\Final Project\Pong\Pong\STM32L476RGTX_FLASH.ld" --specs=nosys.specs -Wl,-Map="Pong.map" -Wl,--gc-sections -static --specs=nano.specs -mfpu=fpv4-sp-d16 -mfloat-abi=hard -mthumb -Wl,--start-group -lc -lm -Wl,--end-group
Finished building target: Pong.elf
 
arm-none-eabi-size  Pong.elf 
arm-none-eabi-objdump -h -S Pong.elf  > "Pong.list"
   text	   data	    bss	    dec	    hex	filename
  18296	     12	   2820	  21128	   5288	Pong.elf
Finished building: default.size.stdout
 
Finished building: Pong.list
 
23:12:01 **** Incremental Build of configuration Debug for project Pong ****
make -j22 all 
arm-none-eabi-size  Pong.elf 
   text	   data	    bss	    dec	    hex	filename
  18296	     12	   2820	  21128	   5288	Pong.elf
Finished building: default.size.stdout
 
23:13:27 **** Incremental Build of configuration Debug for project Pong ****
make -j22 all 
arm-none-eabi-gcc "../Core/Src/main.c" -mcpu=cortex-m4 -std=gnu11 -g3 -DDEBUG -DUSE_HAL_DRIVER -DSTM32L476xx -c -I../Core/Inc -I"C:/Users/austi/Documents/USU/junor year/microcontrollers/Final Project/Pong/Pong/Drivers/OLED" -I../Drivers/STM32L4xx_HAL_Driver/Inc -I../Drivers/STM32L4xx_HAL_Driver/Inc/Legacy -I../Drivers/CMSIS/Device/ST/STM32L4xx/Include -I../Drivers/CMSIS/Include -O0 -ffunction-sections -fdata-sections -Wall -fstack-usage -fcyclomatic-complexity -MMD -MP -MF"Core/Src/main.d" -MT"Core/Src/main.o" --specs=nano.specs -mfpu=fpv4-sp-d16 -mfloat-abi=hard -mthumb -o "Core/Src/main.o"
../Core/Src/main.c: In function 'main':
../Core/Src/main.c:77:14: warning: variable 'retVal' set but not used [-Wunused-but-set-variable]
   77 |         char retVal;
      |              ^~~~~~
arm-none-eabi-gcc -o "Pong.elf" @"objects.list"   -mcpu=cortex-m4 -T"C:\Users\austi\Documents\USU\junor year\microcontrollers\Final Project\Pong\Pong\STM32L476RGTX_FLASH.ld" --specs=nosys.specs -Wl,-Map="Pong.map" -Wl,--gc-sections -static --specs=nano.specs -mfpu=fpv4-sp-d16 -mfloat-abi=hard -mthumb -Wl,--start-group -lc -lm -Wl,--end-group
Finished building target: Pong.elf
 
arm-none-eabi-size  Pong.elf 
arm-none-eabi-objdump -h -S Pong.elf  > "Pong.list"
   text	   data	    bss	    dec	    hex	filename
  20976	     12	   2820	  23808	   5d00	Pong.elf
Finished building: default.size.stdout
 
Finished building: Pong.list
 
23:13:36 **** Incremental Build of configuration Debug for project Pong ****
make -j22 all 
arm-none-eabi-size  Pong.elf 
   text	   data	    bss	    dec	    hex	filename
  20976	     12	   2820	  23808	   5d00	Pong.elf
Finished building: default.size.stdout
 
23:13:37 **** Incremental Build of configuration Debug for project Pong ****
make -j22 all 
arm-none-eabi-size  Pong.elf 
   text	   data	    bss	    dec	    hex	filename
  20976	     12	   2820	  23808	   5d00	Pong.elf
Finished building: default.size.stdout
 
23:13:40 **** Incremental Build of configuration Debug for project Pong ****
make -j22 all 
arm-none-eabi-size  Pong.elf 
   text	   data	    bss	    dec	    hex	filename
  20976	     12	   2820	  23808	   5d00	Pong.elf
Finished building: default.size.stdout
 
23:13:43 **** Incremental Build of configuration Debug for project Pong ****
make -j22 all 
arm-none-eabi-size  Pong.elf 
   text	   data	    bss	    dec	    hex	filename
  20976	     12	   2820	  23808	   5d00	Pong.elf
Finished building: default.size.stdout
 
23:13:50 **** Incremental Build of configuration Debug for project Pong ****
make -j22 all 
arm-none-eabi-size  Pong.elf 
   text	   data	    bss	    dec	    hex	filename
  20976	     12	   2820	  23808	   5d00	Pong.elf
Finished building: default.size.stdout
 
23:14:00 **** Incremental Build of configuration Debug for project Pong ****
make -j22 all 
arm-none-eabi-size  Pong.elf 
   text	   data	    bss	    dec	    hex	filename
  20976	     12	   2820	  23808	   5d00	Pong.elf
Finished building: default.size.stdout
 
23:14:55 **** Incremental Build of configuration Debug for project Pong ****
make -j22 all 
arm-none-eabi-gcc "../Core/Src/main.c" -mcpu=cortex-m4 -std=gnu11 -g3 -DDEBUG -DUSE_HAL_DRIVER -DSTM32L476xx -c -I../Core/Inc -I"C:/Users/austi/Documents/USU/junor year/microcontrollers/Final Project/Pong/Pong/Drivers/OLED" -I../Drivers/STM32L4xx_HAL_Driver/Inc -I../Drivers/STM32L4xx_HAL_Driver/Inc/Legacy -I../Drivers/CMSIS/Device/ST/STM32L4xx/Include -I../Drivers/CMSIS/Include -O0 -ffunction-sections -fdata-sections -Wall -fstack-usage -fcyclomatic-complexity -MMD -MP -MF"Core/Src/main.d" -MT"Core/Src/main.o" --specs=nano.specs -mfpu=fpv4-sp-d16 -mfloat-abi=hard -mthumb -o "Core/Src/main.o"
../Core/Src/main.c: In function 'main':
../Core/Src/main.c:77:14: warning: variable 'retVal' set but not used [-Wunused-but-set-variable]
   77 |         char retVal;
      |              ^~~~~~
arm-none-eabi-gcc -o "Pong.elf" @"objects.list"   -mcpu=cortex-m4 -T"C:\Users\austi\Documents\USU\junor year\microcontrollers\Final Project\Pong\Pong\STM32L476RGTX_FLASH.ld" --specs=nosys.specs -Wl,-Map="Pong.map" -Wl,--gc-sections -static --specs=nano.specs -mfpu=fpv4-sp-d16 -mfloat-abi=hard -mthumb -Wl,--start-group -lc -lm -Wl,--end-group
Finished building target: Pong.elf
 
arm-none-eabi-size  Pong.elf 
arm-none-eabi-objdump -h -S Pong.elf  > "Pong.list"
   text	   data	    bss	    dec	    hex	filename
  19812	     12	   2820	  22644	   5874	Pong.elf
Finished building: default.size.stdout
 
Finished building: Pong.list
 
23:15:02 **** Incremental Build of configuration Debug for project Pong ****
make -j22 all 
arm-none-eabi-size  Pong.elf 
   text	   data	    bss	    dec	    hex	filename
  19812	     12	   2820	  22644	   5874	Pong.elf
Finished building: default.size.stdout
 
23:17:51 **** Incremental Build of configuration Debug for project Pong ****
make -j22 all 
arm-none-eabi-gcc "../Core/Src/main.c" -mcpu=cortex-m4 -std=gnu11 -g3 -DDEBUG -DUSE_HAL_DRIVER -DSTM32L476xx -c -I../Core/Inc -I"C:/Users/austi/Documents/USU/junor year/microcontrollers/Final Project/Pong/Pong/Drivers/OLED" -I../Drivers/STM32L4xx_HAL_Driver/Inc -I../Drivers/STM32L4xx_HAL_Driver/Inc/Legacy -I../Drivers/CMSIS/Device/ST/STM32L4xx/Include -I../Drivers/CMSIS/Include -O0 -ffunction-sections -fdata-sections -Wall -fstack-usage -fcyclomatic-complexity -MMD -MP -MF"Core/Src/main.d" -MT"Core/Src/main.o" --specs=nano.specs -mfpu=fpv4-sp-d16 -mfloat-abi=hard -mthumb -o "Core/Src/main.o"
../Core/Src/main.c: In function 'main':
../Core/Src/main.c:78:14: warning: variable 'retVal' set but not used [-Wunused-but-set-variable]
   78 |         char retVal;
      |              ^~~~~~
arm-none-eabi-gcc -o "Pong.elf" @"objects.list"   -mcpu=cortex-m4 -T"C:\Users\austi\Documents\USU\junor year\microcontrollers\Final Project\Pong\Pong\STM32L476RGTX_FLASH.ld" --specs=nosys.specs -Wl,-Map="Pong.map" -Wl,--gc-sections -static --specs=nano.specs -mfpu=fpv4-sp-d16 -mfloat-abi=hard -mthumb -Wl,--start-group -lc -lm -Wl,--end-group
Finished building target: Pong.elf
 
arm-none-eabi-size  Pong.elf 
arm-none-eabi-objdump -h -S Pong.elf  > "Pong.list"
   text	   data	    bss	    dec	    hex	filename
  18364	     12	   2820	  21196	   52cc	Pong.elf
Finished building: default.size.stdout
 
Finished building: Pong.list
 
23:17:54 **** Incremental Build of configuration Debug for project Pong ****
make -j22 all 
arm-none-eabi-size  Pong.elf 
   text	   data	    bss	    dec	    hex	filename
  18364	     12	   2820	  21196	   52cc	Pong.elf
Finished building: default.size.stdout
 
23:18:25 **** Incremental Build of configuration Debug for project Pong ****
make -j22 all 
arm-none-eabi-gcc "../Core/Src/main.c" -mcpu=cortex-m4 -std=gnu11 -g3 -DDEBUG -DUSE_HAL_DRIVER -DSTM32L476xx -c -I../Core/Inc -I"C:/Users/austi/Documents/USU/junor year/microcontrollers/Final Project/Pong/Pong/Drivers/OLED" -I../Drivers/STM32L4xx_HAL_Driver/Inc -I../Drivers/STM32L4xx_HAL_Driver/Inc/Legacy -I../Drivers/CMSIS/Device/ST/STM32L4xx/Include -I../Drivers/CMSIS/Include -O0 -ffunction-sections -fdata-sections -Wall -fstack-usage -fcyclomatic-complexity -MMD -MP -MF"Core/Src/main.d" -MT"Core/Src/main.o" --specs=nano.specs -mfpu=fpv4-sp-d16 -mfloat-abi=hard -mthumb -o "Core/Src/main.o"
../Core/Src/main.c: In function 'main':
../Core/Src/main.c:110:24: warning: unsigned conversion from 'int' to 'uint8_t' {aka 'unsigned char'} changes value from '300' to '44' [-Woverflow]
  110 |   ssd1306_SetCursor(0, 300);
      |                        ^~~
../Core/Src/main.c:78:14: warning: variable 'retVal' set but not used [-Wunused-but-set-variable]
   78 |         char retVal;
      |              ^~~~~~
arm-none-eabi-gcc -o "Pong.elf" @"objects.list"   -mcpu=cortex-m4 -T"C:\Users\austi\Documents\USU\junor year\microcontrollers\Final Project\Pong\Pong\STM32L476RGTX_FLASH.ld" --specs=nosys.specs -Wl,-Map="Pong.map" -Wl,--gc-sections -static --specs=nano.specs -mfpu=fpv4-sp-d16 -mfloat-abi=hard -mthumb -Wl,--start-group -lc -lm -Wl,--end-group
Finished building target: Pong.elf
 
arm-none-eabi-size  Pong.elf 
arm-none-eabi-objdump -h -S Pong.elf  > "Pong.list"
   text	   data	    bss	    dec	    hex	filename
  18364	     12	   2820	  21196	   52cc	Pong.elf
Finished building: default.size.stdout
 
Finished building: Pong.list
 
23:18:28 **** Incremental Build of configuration Debug for project Pong ****
make -j22 all 
arm-none-eabi-size  Pong.elf 
   text	   data	    bss	    dec	    hex	filename
  18364	     12	   2820	  21196	   52cc	Pong.elf
Finished building: default.size.stdout
 
23:21:38 **** Incremental Build of configuration Debug for project Pong ****
make -j22 all 
arm-none-eabi-gcc "../Core/Src/main.c" -mcpu=cortex-m4 -std=gnu11 -g3 -DDEBUG -DUSE_HAL_DRIVER -DSTM32L476xx -c -I../Core/Inc -I"C:/Users/austi/Documents/USU/junor year/microcontrollers/Final Project/Pong/Pong/Drivers/OLED" -I../Drivers/STM32L4xx_HAL_Driver/Inc -I../Drivers/STM32L4xx_HAL_Driver/Inc/Legacy -I../Drivers/CMSIS/Device/ST/STM32L4xx/Include -I../Drivers/CMSIS/Include -O0 -ffunction-sections -fdata-sections -Wall -fstack-usage -fcyclomatic-complexity -MMD -MP -MF"Core/Src/main.d" -MT"Core/Src/main.o" --specs=nano.specs -mfpu=fpv4-sp-d16 -mfloat-abi=hard -mthumb -o "Core/Src/main.o"
../Core/Src/main.c: In function 'main':
../Core/Src/main.c:79:14: warning: variable 'retVal' set but not used [-Wunused-but-set-variable]
   79 |         char retVal;
      |              ^~~~~~
arm-none-eabi-gcc -o "Pong.elf" @"objects.list"   -mcpu=cortex-m4 -T"C:\Users\austi\Documents\USU\junor year\microcontrollers\Final Project\Pong\Pong\STM32L476RGTX_FLASH.ld" --specs=nosys.specs -Wl,-Map="Pong.map" -Wl,--gc-sections -static --specs=nano.specs -mfpu=fpv4-sp-d16 -mfloat-abi=hard -mthumb -Wl,--start-group -lc -lm -Wl,--end-group
Finished building target: Pong.elf
 
arm-none-eabi-size  Pong.elf 
arm-none-eabi-objdump -h -S Pong.elf  > "Pong.list"
   text	   data	    bss	    dec	    hex	filename
  18416	     12	   2820	  21248	   5300	Pong.elf
Finished building: default.size.stdout
 
Finished building: Pong.list
 
23:21:56 **** Incremental Build of configuration Debug for project Pong ****
make -j22 all 
arm-none-eabi-size  Pong.elf 
   text	   data	    bss	    dec	    hex	filename
  18416	     12	   2820	  21248	   5300	Pong.elf
Finished building: default.size.stdout
 
23:22:00 **** Incremental Build of configuration Debug for project Pong ****
make -j22 all 
arm-none-eabi-size  Pong.elf 
   text	   data	    bss	    dec	    hex	filename
  18416	     12	   2820	  21248	   5300	Pong.elf
Finished building: default.size.stdout
 
23:22:07 **** Incremental Build of configuration Debug for project Pong ****
make -j22 all 
arm-none-eabi-size  Pong.elf 
   text	   data	    bss	    dec	    hex	filename
  18416	     12	   2820	  21248	   5300	Pong.elf
Finished building: default.size.stdout
 
23:22:37 **** Incremental Build of configuration Debug for project Pong ****
make -j22 all 
arm-none-eabi-gcc "../Core/Src/main.c" -mcpu=cortex-m4 -std=gnu11 -g3 -DDEBUG -DUSE_HAL_DRIVER -DSTM32L476xx -c -I../Core/Inc -I"C:/Users/austi/Documents/USU/junor year/microcontrollers/Final Project/Pong/Pong/Drivers/OLED" -I../Drivers/STM32L4xx_HAL_Driver/Inc -I../Drivers/STM32L4xx_HAL_Driver/Inc/Legacy -I../Drivers/CMSIS/Device/ST/STM32L4xx/Include -I../Drivers/CMSIS/Include -O0 -ffunction-sections -fdata-sections -Wall -fstack-usage -fcyclomatic-complexity -MMD -MP -MF"Core/Src/main.d" -MT"Core/Src/main.o" --specs=nano.specs -mfpu=fpv4-sp-d16 -mfloat-abi=hard -mthumb -o "Core/Src/main.o"
../Core/Src/main.c: In function 'main':
../Core/Src/main.c:79:14: warning: variable 'retVal' set but not used [-Wunused-but-set-variable]
   79 |         char retVal;
      |              ^~~~~~
arm-none-eabi-gcc -o "Pong.elf" @"objects.list"   -mcpu=cortex-m4 -T"C:\Users\austi\Documents\USU\junor year\microcontrollers\Final Project\Pong\Pong\STM32L476RGTX_FLASH.ld" --specs=nosys.specs -Wl,-Map="Pong.map" -Wl,--gc-sections -static --specs=nano.specs -mfpu=fpv4-sp-d16 -mfloat-abi=hard -mthumb -Wl,--start-group -lc -lm -Wl,--end-group
Finished building target: Pong.elf
 
arm-none-eabi-size  Pong.elf 
arm-none-eabi-objdump -h -S Pong.elf  > "Pong.list"
   text	   data	    bss	    dec	    hex	filename
  18424	     12	   2820	  21256	   5308	Pong.elf
Finished building: default.size.stdout
 
Finished building: Pong.list
 
23:22:44 **** Incremental Build of configuration Debug for project Pong ****
make -j22 all 
arm-none-eabi-size  Pong.elf 
   text	   data	    bss	    dec	    hex	filename
  18424	     12	   2820	  21256	   5308	Pong.elf
Finished building: default.size.stdout
 
23:23:30 **** Incremental Build of configuration Debug for project Pong ****
make -j22 all 
arm-none-eabi-gcc "../Core/Src/main.c" -mcpu=cortex-m4 -std=gnu11 -g3 -DDEBUG -DUSE_HAL_DRIVER -DSTM32L476xx -c -I../Core/Inc -I"C:/Users/austi/Documents/USU/junor year/microcontrollers/Final Project/Pong/Pong/Drivers/OLED" -I../Drivers/STM32L4xx_HAL_Driver/Inc -I../Drivers/STM32L4xx_HAL_Driver/Inc/Legacy -I../Drivers/CMSIS/Device/ST/STM32L4xx/Include -I../Drivers/CMSIS/Include -O0 -ffunction-sections -fdata-sections -Wall -fstack-usage -fcyclomatic-complexity -MMD -MP -MF"Core/Src/main.d" -MT"Core/Src/main.o" --specs=nano.specs -mfpu=fpv4-sp-d16 -mfloat-abi=hard -mthumb -o "Core/Src/main.o"
../Core/Src/main.c: In function 'main':
../Core/Src/main.c:79:14: warning: variable 'retVal' set but not used [-Wunused-but-set-variable]
   79 |         char retVal;
      |              ^~~~~~
arm-none-eabi-gcc -o "Pong.elf" @"objects.list"   -mcpu=cortex-m4 -T"C:\Users\austi\Documents\USU\junor year\microcontrollers\Final Project\Pong\Pong\STM32L476RGTX_FLASH.ld" --specs=nosys.specs -Wl,-Map="Pong.map" -Wl,--gc-sections -static --specs=nano.specs -mfpu=fpv4-sp-d16 -mfloat-abi=hard -mthumb -Wl,--start-group -lc -lm -Wl,--end-group
Finished building target: Pong.elf
 
arm-none-eabi-size  Pong.elf 
arm-none-eabi-objdump -h -S Pong.elf  > "Pong.list"
   text	   data	    bss	    dec	    hex	filename
  18424	     12	   2820	  21256	   5308	Pong.elf
Finished building: default.size.stdout
 
Finished building: Pong.list
 
23:23:33 **** Incremental Build of configuration Debug for project Pong ****
make -j22 all 
arm-none-eabi-size  Pong.elf 
   text	   data	    bss	    dec	    hex	filename
  18424	     12	   2820	  21256	   5308	Pong.elf
Finished building: default.size.stdout
 
23:25:19 **** Incremental Build of configuration Debug for project Pong ****
make -j22 all 
arm-none-eabi-gcc "../Core/Src/main.c" -mcpu=cortex-m4 -std=gnu11 -g3 -DDEBUG -DUSE_HAL_DRIVER -DSTM32L476xx -c -I../Core/Inc -I"C:/Users/austi/Documents/USU/junor year/microcontrollers/Final Project/Pong/Pong/Drivers/OLED" -I../Drivers/STM32L4xx_HAL_Driver/Inc -I../Drivers/STM32L4xx_HAL_Driver/Inc/Legacy -I../Drivers/CMSIS/Device/ST/STM32L4xx/Include -I../Drivers/CMSIS/Include -O0 -ffunction-sections -fdata-sections -Wall -fstack-usage -fcyclomatic-complexity -MMD -MP -MF"Core/Src/main.d" -MT"Core/Src/main.o" --specs=nano.specs -mfpu=fpv4-sp-d16 -mfloat-abi=hard -mthumb -o "Core/Src/main.o"
../Core/Src/main.c: In function 'main':
../Core/Src/main.c:119:3: warning: implicit declaration of function 'delay_s' [-Wimplicit-function-declaration]
  119 |   delay_s(2);
      |   ^~~~~~~
../Core/Src/main.c:80:14: warning: variable 'retVal' set but not used [-Wunused-but-set-variable]
   80 |         char retVal;
      |              ^~~~~~
arm-none-eabi-gcc -o "Pong.elf" @"objects.list"   -mcpu=cortex-m4 -T"C:\Users\austi\Documents\USU\junor year\microcontrollers\Final Project\Pong\Pong\STM32L476RGTX_FLASH.ld" --specs=nosys.specs -Wl,-Map="Pong.map" -Wl,--gc-sections -static --specs=nano.specs -mfpu=fpv4-sp-d16 -mfloat-abi=hard -mthumb -Wl,--start-group -lc -lm -Wl,--end-group
C:/ST/STM32CubeIDE_1.19.0/STM32CubeIDE/plugins/com.st.stm32cube.ide.mcu.externaltools.gnu-tools-for-stm32.13.3.rel1.win32_1.0.0.202411081344/tools/bin/../lib/gcc/arm-none-eabi/13.3.1/../../../../arm-none-eabi/bin/ld.exe: ./Core/Src/main.o: in function `main':
C:/Users/austi/Documents/USU/junor year/microcontrollers/Final Project/Pong/Pong/Debug/../Core/Src/main.c:119:(.text.main+0xb8): undefined reference to `delay_s'
collect2.exe: error: ld returned 1 exit status
make: *** [makefile:65: Pong.elf] Error 1
"make -j22 all" terminated with exit code 2. Build might be incomplete.
23:29:42 **** Incremental Build of configuration Debug for project Pong ****
make -j22 all 
arm-none-eabi-gcc "../Core/Src/main.c" -mcpu=cortex-m4 -std=gnu11 -g3 -DDEBUG -DUSE_HAL_DRIVER -DSTM32L476xx -c -I../Core/Inc -I"C:/Users/austi/Documents/USU/junor year/microcontrollers/Final Project/Pong/Pong/Drivers/OLED" -I../Drivers/STM32L4xx_HAL_Driver/Inc -I../Drivers/STM32L4xx_HAL_Driver/Inc/Legacy -I../Drivers/CMSIS/Device/ST/STM32L4xx/Include -I../Drivers/CMSIS/Include -O0 -ffunction-sections -fdata-sections -Wall -fstack-usage -fcyclomatic-complexity -MMD -MP -MF"Core/Src/main.d" -MT"Core/Src/main.o" --specs=nano.specs -mfpu=fpv4-sp-d16 -mfloat-abi=hard -mthumb -o "Core/Src/main.o"
../Core/Src/main.c: In function 'main':
../Core/Src/main.c:80:14: warning: variable 'retVal' set but not used [-Wunused-but-set-variable]
   80 |         char retVal;
      |              ^~~~~~
arm-none-eabi-gcc -o "Pong.elf" @"objects.list"   -mcpu=cortex-m4 -T"C:\Users\austi\Documents\USU\junor year\microcontrollers\Final Project\Pong\Pong\STM32L476RGTX_FLASH.ld" --specs=nosys.specs -Wl,-Map="Pong.map" -Wl,--gc-sections -static --specs=nano.specs -mfpu=fpv4-sp-d16 -mfloat-abi=hard -mthumb -Wl,--start-group -lc -lm -Wl,--end-group
Finished building target: Pong.elf
 
arm-none-eabi-size  Pong.elf 
arm-none-eabi-objdump -h -S Pong.elf  > "Pong.list"
   text	   data	    bss	    dec	    hex	filename
  18500	     12	   2820	  21332	   5354	Pong.elf
Finished building: default.size.stdout
 
Finished building: Pong.list
 
23:29:45 **** Incremental Build of configuration Debug for project Pong ****
make -j22 all 
arm-none-eabi-size  Pong.elf 
   text	   data	    bss	    dec	    hex	filename
  18500	     12	   2820	  21332	   5354	Pong.elf
Finished building: default.size.stdout
 
23:43:27 **** Incremental Build of configuration Debug for project Pong ****
make -j22 all 
arm-none-eabi-gcc "../Core/Src/main.c" -mcpu=cortex-m4 -std=gnu11 -g3 -DDEBUG -DUSE_HAL_DRIVER -DSTM32L476xx -c -I../Core/Inc -I"C:/Users/austi/Documents/USU/junor year/microcontrollers/Final Project/Pong/Pong/Drivers/OLED" -I../Drivers/STM32L4xx_HAL_Driver/Inc -I../Drivers/STM32L4xx_HAL_Driver/Inc/Legacy -I../Drivers/CMSIS/Device/ST/STM32L4xx/Include -I../Drivers/CMSIS/Include -O0 -ffunction-sections -fdata-sections -Wall -fstack-usage -fcyclomatic-complexity -MMD -MP -MF"Core/Src/main.d" -MT"Core/Src/main.o" --specs=nano.specs -mfpu=fpv4-sp-d16 -mfloat-abi=hard -mthumb -o "Core/Src/main.o"
arm-none-eabi-gcc "../Core/Src/pong.c" -mcpu=cortex-m4 -std=gnu11 -g3 -DDEBUG -DUSE_HAL_DRIVER -DSTM32L476xx -c -I../Core/Inc -I"C:/Users/austi/Documents/USU/junor year/microcontrollers/Final Project/Pong/Pong/Drivers/OLED" -I../Drivers/STM32L4xx_HAL_Driver/Inc -I../Drivers/STM32L4xx_HAL_Driver/Inc/Legacy -I../Drivers/CMSIS/Device/ST/STM32L4xx/Include -I../Drivers/CMSIS/Include -O0 -ffunction-sections -fdata-sections -Wall -fstack-usage -fcyclomatic-complexity -MMD -MP -MF"Core/Src/pong.d" -MT"Core/Src/pong.o" --specs=nano.specs -mfpu=fpv4-sp-d16 -mfloat-abi=hard -mthumb -o "Core/Src/pong.o"
arm-none-eabi-gcc "../Core/Src/stm32l4xx_hal_msp.c" -mcpu=cortex-m4 -std=gnu11 -g3 -DDEBUG -DUSE_HAL_DRIVER -DSTM32L476xx -c -I../Core/Inc -I"C:/Users/austi/Documents/USU/junor year/microcontrollers/Final Project/Pong/Pong/Drivers/OLED" -I../Drivers/STM32L4xx_HAL_Driver/Inc -I../Drivers/STM32L4xx_HAL_Driver/Inc/Legacy -I../Drivers/CMSIS/Device/ST/STM32L4xx/Include -I../Drivers/CMSIS/Include -O0 -ffunction-sections -fdata-sections -Wall -fstack-usage -fcyclomatic-complexity -MMD -MP -MF"Core/Src/stm32l4xx_hal_msp.d" -MT"Core/Src/stm32l4xx_hal_msp.o" --specs=nano.specs -mfpu=fpv4-sp-d16 -mfloat-abi=hard -mthumb -o "Core/Src/stm32l4xx_hal_msp.o"
arm-none-eabi-gcc "../Core/Src/stm32l4xx_it.c" -mcpu=cortex-m4 -std=gnu11 -g3 -DDEBUG -DUSE_HAL_DRIVER -DSTM32L476xx -c -I../Core/Inc -I"C:/Users/austi/Documents/USU/junor year/microcontrollers/Final Project/Pong/Pong/Drivers/OLED" -I../Drivers/STM32L4xx_HAL_Driver/Inc -I../Drivers/STM32L4xx_HAL_Driver/Inc/Legacy -I../Drivers/CMSIS/Device/ST/STM32L4xx/Include -I../Drivers/CMSIS/Include -O0 -ffunction-sections -fdata-sections -Wall -fstack-usage -fcyclomatic-complexity -MMD -MP -MF"Core/Src/stm32l4xx_it.d" -MT"Core/Src/stm32l4xx_it.o" --specs=nano.specs -mfpu=fpv4-sp-d16 -mfloat-abi=hard -mthumb -o "Core/Src/stm32l4xx_it.o"
arm-none-eabi-gcc "../Core/Src/syscalls.c" -mcpu=cortex-m4 -std=gnu11 -g3 -DDEBUG -DUSE_HAL_DRIVER -DSTM32L476xx -c -I../Core/Inc -I"C:/Users/austi/Documents/USU/junor year/microcontrollers/Final Project/Pong/Pong/Drivers/OLED" -I../Drivers/STM32L4xx_HAL_Driver/Inc -I../Drivers/STM32L4xx_HAL_Driver/Inc/Legacy -I../Drivers/CMSIS/Device/ST/STM32L4xx/Include -I../Drivers/CMSIS/Include -O0 -ffunction-sections -fdata-sections -Wall -fstack-usage -fcyclomatic-complexity -MMD -MP -MF"Core/Src/syscalls.d" -MT"Core/Src/syscalls.o" --specs=nano.specs -mfpu=fpv4-sp-d16 -mfloat-abi=hard -mthumb -o "Core/Src/syscalls.o"
arm-none-eabi-gcc "../Core/Src/sysmem.c" -mcpu=cortex-m4 -std=gnu11 -g3 -DDEBUG -DUSE_HAL_DRIVER -DSTM32L476xx -c -I../Core/Inc -I"C:/Users/austi/Documents/USU/junor year/microcontrollers/Final Project/Pong/Pong/Drivers/OLED" -I../Drivers/STM32L4xx_HAL_Driver/Inc -I../Drivers/STM32L4xx_HAL_Driver/Inc/Legacy -I../Drivers/CMSIS/Device/ST/STM32L4xx/Include -I../Drivers/CMSIS/Include -O0 -ffunction-sections -fdata-sections -Wall -fstack-usage -fcyclomatic-complexity -MMD -MP -MF"Core/Src/sysmem.d" -MT"Core/Src/sysmem.o" --specs=nano.specs -mfpu=fpv4-sp-d16 -mfloat-abi=hard -mthumb -o "Core/Src/sysmem.o"
arm-none-eabi-gcc "../Core/Src/system_stm32l4xx.c" -mcpu=cortex-m4 -std=gnu11 -g3 -DDEBUG -DUSE_HAL_DRIVER -DSTM32L476xx -c -I../Core/Inc -I"C:/Users/austi/Documents/USU/junor year/microcontrollers/Final Project/Pong/Pong/Drivers/OLED" -I../Drivers/STM32L4xx_HAL_Driver/Inc -I../Drivers/STM32L4xx_HAL_Driver/Inc/Legacy -I../Drivers/CMSIS/Device/ST/STM32L4xx/Include -I../Drivers/CMSIS/Include -O0 -ffunction-sections -fdata-sections -Wall -fstack-usage -fcyclomatic-complexity -MMD -MP -MF"Core/Src/system_stm32l4xx.d" -MT"Core/Src/system_stm32l4xx.o" --specs=nano.specs -mfpu=fpv4-sp-d16 -mfloat-abi=hard -mthumb -o "Core/Src/system_stm32l4xx.o"
In file included from ../Core/Src/main.c:24:
../Core/Src/pong.c: In function 'drawGame':
../Core/Src/pong.c:58:5: warning: implicit declaration of function 'ssd1306_Clear' [-Wimplicit-function-declaration]
   58 |     ssd1306_Clear();
      |     ^~~~~~~~~~~~~
../Core/Src/pong.c:75:5: warning: implicit declaration of function 'sprintf' [-Wimplicit-function-declaration]
   75 |     sprintf(buf, "%d", mcu_score);
      |     ^~~~~~~
../Core/Src/pong.c:13:1: note: include '<stdio.h>' or provide a declaration of 'sprintf'
   12 | #include <stdlib.h>
  +++ |+#include <stdio.h>
   13 | 
../Core/Src/pong.c:75:5: warning: incompatible implicit declaration of built-in function 'sprintf' [-Wbuiltin-declaration-mismatch]
   75 |     sprintf(buf, "%d", mcu_score);
      |     ^~~~~~~
../Core/Src/pong.c:75:5: note: include '<stdio.h>' or provide a declaration of 'sprintf'
../Core/Src/pong.c: In function 'drawGame':
../Core/Src/main.c: In function 'main':
../Core/Src/pong.c:58:5: warning: implicit declaration of function 'ssd1306_Clear' [-Wimplicit-function-declaration]
   58 |     ssd1306_Clear();
      |     ^~~~~~~~~~~~~
../Core/Src/main.c:81:14: warning: unused variable 'retVal' [-Wunused-variable]
   81 |         char retVal;
      |              ^~~~~~
../Core/Src/main.c:80:14: warning: unused variable 'myText_4' [-Wunused-variable]
   80 |         char myText_4[] = "Nunchuk Pong Game";
      |              ^~~~~~~~
../Core/Src/pong.c:75:5: warning: implicit declaration of function 'sprintf' [-Wimplicit-function-declaration]
   75 |     sprintf(buf, "%d", mcu_score);
      |     ^~~~~~~
../Core/Src/main.c:79:14: warning: unused variable 'myText_3' [-Wunused-variable]
   79 |         char myText_3[] = "Final Project";
      |              ^~~~~~~~
../Core/Src/main.c:78:14: warning: unused variable 'myText_2' [-Wunused-variable]
   78 |         char myText_2[] = "Microcontroller";
      |              ^~~~~~~~
../Core/Src/main.c:77:14: warning: unused variable 'myText_1' [-Wunused-variable]
   77 |         char myText_1[] = "ECE 3710";
      |              ^~~~~~~~
../Core/Src/pong.c:13:1: note: include '<stdio.h>' or provide a declaration of 'sprintf'
   12 | #include <stdlib.h>
  +++ |+#include <stdio.h>
   13 | 
../Core/Src/pong.c:75:5: warning: incompatible implicit declaration of built-in function 'sprintf' [-Wbuiltin-declaration-mismatch]
   75 |     sprintf(buf, "%d", mcu_score);
      |     ^~~~~~~
../Core/Src/pong.c:75:5: note: include '<stdio.h>' or provide a declaration of 'sprintf'
arm-none-eabi-gcc -o "Pong.elf" @"objects.list"   -mcpu=cortex-m4 -T"C:\Users\austi\Documents\USU\junor year\microcontrollers\Final Project\Pong\Pong\STM32L476RGTX_FLASH.ld" --specs=nosys.specs -Wl,-Map="Pong.map" -Wl,--gc-sections -static --specs=nano.specs -mfpu=fpv4-sp-d16 -mfloat-abi=hard -mthumb -Wl,--start-group -lc -lm -Wl,--end-group
C:/ST/STM32CubeIDE_1.19.0/STM32CubeIDE/plugins/com.st.stm32cube.ide.mcu.externaltools.gnu-tools-for-stm32.13.3.rel1.win32_1.0.0.202411081344/tools/bin/../lib/gcc/arm-none-eabi/13.3.1/../../../../arm-none-eabi/bin/ld.exe: ./Core/Src/pong.o:C:/Users/austi/Documents/USU/junor year/microcontrollers/Final Project/Pong/Pong/Debug/../Core/Src/pong.c:26: multiple definition of `game_over'; ./Core/Src/main.o:C:/Users/austi/Documents/USU/junor year/microcontrollers/Final Project/Pong/Pong/Debug/../Core/Src/pong.c:26: first defined here
C:/ST/STM32CubeIDE_1.19.0/STM32CubeIDE/plugins/com.st.stm32cube.ide.mcu.externaltools.gnu-tools-for-stm32.13.3.rel1.win32_1.0.0.202411081344/tools/bin/../lib/gcc/arm-none-eabi/13.3.1/../../../../arm-none-eabi/bin/ld.exe: ./Core/Src/pong.o:C:/Users/austi/Documents/USU/junor year/microcontrollers/Final Project/Pong/Pong/Debug/../Core/Src/pong.c:26: multiple definition of `win'; ./Core/Src/main.o:C:/Users/austi/Documents/USU/junor year/microcontrollers/Final Project/Pong/Pong/Debug/../Core/Src/pong.c:26: first defined here
C:/ST/STM32CubeIDE_1.19.0/STM32CubeIDE/plugins/com.st.stm32cube.ide.mcu.externaltools.gnu-tools-for-stm32.13.3.rel1.win32_1.0.0.202411081344/tools/bin/../lib/gcc/arm-none-eabi/13.3.1/../../../../arm-none-eabi/bin/ld.exe: ./Core/Src/pong.o:C:/Users/austi/Documents/USU/junor year/microcontrollers/Final Project/Pong/Pong/Debug/../Core/Src/pong.c:27: multiple definition of `player_score'; ./Core/Src/main.o:C:/Users/austi/Documents/USU/junor year/microcontrollers/Final Project/Pong/Pong/Debug/../Core/Src/pong.c:27: first defined here
C:/ST/STM32CubeIDE_1.19.0/STM32CubeIDE/plugins/com.st.stm32cube.ide.mcu.externaltools.gnu-tools-for-stm32.13.3.rel1.win32_1.0.0.202411081344/tools/bin/../lib/gcc/arm-none-eabi/13.3.1/../../../../arm-none-eabi/bin/ld.exe: ./Core/Src/pong.o:C:/Users/austi/Documents/USU/junor year/microcontrollers/Final Project/Pong/Pong/Debug/../Core/Src/pong.c:27: multiple definition of `mcu_score'; ./Core/Src/main.o:C:/Users/austi/Documents/USU/junor year/microcontrollers/Final Project/Pong/Pong/Debug/../Core/Src/pong.c:27: first defined here
C:/ST/STM32CubeIDE_1.19.0/STM32CubeIDE/plugins/com.st.stm32cube.ide.mcu.externaltools.gnu-tools-for-stm32.13.3.rel1.win32_1.0.0.202411081344/tools/bin/../lib/gcc/arm-none-eabi/13.3.1/../../../../arm-none-eabi/bin/ld.exe: ./Core/Src/pong.o:C:/Users/austi/Documents/USU/junor year/microcontrollers/Final Project/Pong/Pong/Debug/../Core/Src/pong.c:29: multiple definition of `ball_x'; ./Core/Src/main.o:C:/Users/austi/Documents/USU/junor year/microcontrollers/Final Project/Pong/Pong/Debug/../Core/Src/pong.c:29: first defined here
C:/ST/STM32CubeIDE_1.19.0/STM32CubeIDE/plugins/com.st.stm32cube.ide.mcu.externaltools.gnu-tools-for-stm32.13.3.rel1.win32_1.0.0.202411081344/tools/bin/../lib/gcc/arm-none-eabi/13.3.1/../../../../arm-none-eabi/bin/ld.exe: ./Core/Src/pong.o:C:/Users/austi/Documents/USU/junor year/microcontrollers/Final Project/Pong/Pong/Debug/../Core/Src/pong.c:29: multiple definition of `ball_y'; ./Core/Src/main.o:C:/Users/austi/Documents/USU/junor year/microcontrollers/Final Project/Pong/Pong/Debug/../Core/Src/pong.c:29: first defined here
C:/ST/STM32CubeIDE_1.19.0/STM32CubeIDE/plugins/com.st.stm32cube.ide.mcu.externaltools.gnu-tools-for-stm32.13.3.rel1.win32_1.0.0.202411081344/tools/bin/../lib/gcc/arm-none-eabi/13.3.1/../../../../arm-none-eabi/bin/ld.exe: ./Core/Src/pong.o:C:/Users/austi/Documents/USU/junor year/microcontrollers/Final Project/Pong/Pong/Debug/../Core/Src/pong.c:30: multiple definition of `ball_dir_x'; ./Core/Src/main.o:C:/Users/austi/Documents/USU/junor year/microcontrollers/Final Project/Pong/Pong/Debug/../Core/Src/pong.c:30: first defined here
C:/ST/STM32CubeIDE_1.19.0/STM32CubeIDE/plugins/com.st.stm32cube.ide.mcu.externaltools.gnu-tools-for-stm32.13.3.rel1.win32_1.0.0.202411081344/tools/bin/../lib/gcc/arm-none-eabi/13.3.1/../../../../arm-none-eabi/bin/ld.exe: ./Core/Src/pong.o:C:/Users/austi/Documents/USU/junor year/microcontrollers/Final Project/Pong/Pong/Debug/../Core/Src/pong.c:30: multiple definition of `ball_dir_y'; ./Core/Src/main.o:C:/Users/austi/Documents/USU/junor year/microcontrollers/Final Project/Pong/Pong/Debug/../Core/Src/pong.c:30: first defined here
C:/ST/STM32CubeIDE_1.19.0/STM32CubeIDE/plugins/com.st.stm32cube.ide.mcu.externaltools.gnu-tools-for-stm32.13.3.rel1.win32_1.0.0.202411081344/tools/bin/../lib/gcc/arm-none-eabi/13.3.1/../../../../arm-none-eabi/bin/ld.exe: ./Core/Src/pong.o:C:/Users/austi/Documents/USU/junor year/microcontrollers/Final Project/Pong/Pong/Debug/../Core/Src/pong.c:32: multiple definition of `last_ball_update'; ./Core/Src/main.o:C:/Users/austi/Documents/USU/junor year/microcontrollers/Final Project/Pong/Pong/Debug/../Core/Src/pong.c:32: first defined here
C:/ST/STM32CubeIDE_1.19.0/STM32CubeIDE/plugins/com.st.stm32cube.ide.mcu.externaltools.gnu-tools-for-stm32.13.3.rel1.win32_1.0.0.202411081344/tools/bin/../lib/gcc/arm-none-eabi/13.3.1/../../../../arm-none-eabi/bin/ld.exe: ./Core/Src/pong.o:C:/Users/austi/Documents/USU/junor year/microcontrollers/Final Project/Pong/Pong/Debug/../Core/Src/pong.c:33: multiple definition of `last_paddle_update'; ./Core/Src/main.o:C:/Users/austi/Documents/USU/junor year/microcontrollers/Final Project/Pong/Pong/Debug/../Core/Src/pong.c:33: first defined here
C:/ST/STM32CubeIDE_1.19.0/STM32CubeIDE/plugins/com.st.stm32cube.ide.mcu.externaltools.gnu-tools-for-stm32.13.3.rel1.win32_1.0.0.202411081344/tools/bin/../lib/gcc/arm-none-eabi/13.3.1/../../../../arm-none-eabi/bin/ld.exe: ./Core/Src/pong.o:C:/Users/austi/Documents/USU/junor year/microcontrollers/Final Project/Pong/Pong/Debug/../Core/Src/pong.c:35: multiple definition of `MCU_X'; ./Core/Src/main.o:C:/Users/austi/Documents/USU/junor year/microcontrollers/Final Project/Pong/Pong/Debug/../Core/Src/pong.c:35: first defined here
C:/ST/STM32CubeIDE_1.19.0/STM32CubeIDE/plugins/com.st.stm32cube.ide.mcu.externaltools.gnu-tools-for-stm32.13.3.rel1.win32_1.0.0.202411081344/tools/bin/../lib/gcc/arm-none-eabi/13.3.1/../../../../arm-none-eabi/bin/ld.exe: ./Core/Src/pong.o:C:/Users/austi/Documents/USU/junor year/microcontrollers/Final Project/Pong/Pong/Debug/../Core/Src/pong.c:36: multiple definition of `mcu_y'; ./Core/Src/main.o:C:/Users/austi/Documents/USU/junor year/microcontrollers/Final Project/Pong/Pong/Debug/../Core/Src/pong.c:36: first defined here
C:/ST/STM32CubeIDE_1.19.0/STM32CubeIDE/plugins/com.st.stm32cube.ide.mcu.externaltools.gnu-tools-for-stm32.13.3.rel1.win32_1.0.0.202411081344/tools/bin/../lib/gcc/arm-none-eabi/13.3.1/../../../../arm-none-eabi/bin/ld.exe: ./Core/Src/pong.o:C:/Users/austi/Documents/USU/junor year/microcontrollers/Final Project/Pong/Pong/Debug/../Core/Src/pong.c:38: multiple definition of `PLAYER_X'; ./Core/Src/main.o:C:/Users/austi/Documents/USU/junor year/microcontrollers/Final Project/Pong/Pong/Debug/../Core/Src/pong.c:38: first defined here
C:/ST/STM32CubeIDE_1.19.0/STM32CubeIDE/plugins/com.st.stm32cube.ide.mcu.externaltools.gnu-tools-for-stm32.13.3.rel1.win32_1.0.0.202411081344/tools/bin/../lib/gcc/arm-none-eabi/13.3.1/../../../../arm-none-eabi/bin/ld.exe: ./Core/Src/pong.o:C:/Users/austi/Documents/USU/junor year/microcontrollers/Final Project/Pong/Pong/Debug/../Core/Src/pong.c:39: multiple definition of `player_y'; ./Core/Src/main.o:C:/Users/austi/Documents/USU/junor year/microcontrollers/Final Project/Pong/Pong/Debug/../Core/Src/pong.c:39: first defined here
C:/ST/STM32CubeIDE_1.19.0/STM32CubeIDE/plugins/com.st.stm32cube.ide.mcu.externaltools.gnu-tools-for-stm32.13.3.rel1.win32_1.0.0.202411081344/tools/bin/../lib/gcc/arm-none-eabi/13.3.1/../../../../arm-none-eabi/bin/ld.exe: ./Core/Src/pong.o: in function `delay_ms':
C:/Users/austi/Documents/USU/junor year/microcontrollers/Final Project/Pong/Pong/Debug/../Core/Src/pong.c:42: multiple definition of `delay_ms'; ./Core/Src/main.o:C:/Users/austi/Documents/USU/junor year/microcontrollers/Final Project/Pong/Pong/Debug/../Core/Src/pong.c:42: first defined here
C:/ST/STM32CubeIDE_1.19.0/STM32CubeIDE/plugins/com.st.stm32cube.ide.mcu.externaltools.gnu-tools-for-stm32.13.3.rel1.win32_1.0.0.202411081344/tools/bin/../lib/gcc/arm-none-eabi/13.3.1/../../../../arm-none-eabi/bin/ld.exe: ./Core/Src/pong.o: in function `read_button':
C:/Users/austi/Documents/USU/junor year/microcontrollers/Final Project/Pong/Pong/Debug/../Core/Src/pong.c:47: multiple definition of `read_button'; ./Core/Src/main.o:C:/Users/austi/Documents/USU/junor year/microcontrollers/Final Project/Pong/Pong/Debug/../Core/Src/pong.c:47: first defined here
C:/ST/STM32CubeIDE_1.19.0/STM32CubeIDE/plugins/com.st.stm32cube.ide.mcu.externaltools.gnu-tools-for-stm32.13.3.rel1.win32_1.0.0.202411081344/tools/bin/../lib/gcc/arm-none-eabi/13.3.1/../../../../arm-none-eabi/bin/ld.exe: ./Core/Src/pong.o: in function `drawCourt':
C:/Users/austi/Documents/USU/junor year/microcontrollers/Final Project/Pong/Pong/Debug/../Core/Src/pong.c:52: multiple definition of `drawCourt'; ./Core/Src/main.o:C:/Users/austi/Documents/USU/junor year/microcontrollers/Final Project/Pong/Pong/Debug/../Core/Src/pong.c:52: first defined here
C:/ST/STM32CubeIDE_1.19.0/STM32CubeIDE/plugins/com.st.stm32cube.ide.mcu.externaltools.gnu-tools-for-stm32.13.3.rel1.win32_1.0.0.202411081344/tools/bin/../lib/gcc/arm-none-eabi/13.3.1/../../../../arm-none-eabi/bin/ld.exe: ./Core/Src/pong.o: in function `drawGame':
C:/Users/austi/Documents/USU/junor year/microcontrollers/Final Project/Pong/Pong/Debug/../Core/Src/pong.c:57: multiple definition of `drawGame'; ./Core/Src/main.o:C:/Users/austi/Documents/USU/junor year/microcontrollers/Final Project/Pong/Pong/Debug/../Core/Src/pong.c:57: first defined here
C:/ST/STM32CubeIDE_1.19.0/STM32CubeIDE/plugins/com.st.stm32cube.ide.mcu.externaltools.gnu-tools-for-stm32.13.3.rel1.win32_1.0.0.202411081344/tools/bin/../lib/gcc/arm-none-eabi/13.3.1/../../../../arm-none-eabi/bin/ld.exe: ./Core/Src/pong.o: in function `resetGame':
C:/Users/austi/Documents/USU/junor year/microcontrollers/Final Project/Pong/Pong/Debug/../Core/Src/pong.c:86: multiple definition of `resetGame'; ./Core/Src/main.o:C:/Users/austi/Documents/USU/junor year/microcontrollers/Final Project/Pong/Pong/Debug/../Core/Src/pong.c:86: first defined here
C:/ST/STM32CubeIDE_1.19.0/STM32CubeIDE/plugins/com.st.stm32cube.ide.mcu.externaltools.gnu-tools-for-stm32.13.3.rel1.win32_1.0.0.202411081344/tools/bin/../lib/gcc/arm-none-eabi/13.3.1/../../../../arm-none-eabi/bin/ld.exe: ./Core/Src/pong.o: in function `pong_loop':
C:/Users/austi/Documents/USU/junor year/microcontrollers/Final Project/Pong/Pong/Debug/../Core/Src/pong.c:99: multiple definition of `pong_loop'; ./Core/Src/main.o:C:/Users/austi/Documents/USU/junor year/microcontrollers/Final Project/Pong/Pong/Debug/../Core/Src/pong.c:99: first defined here
C:/ST/STM32CubeIDE_1.19.0/STM32CubeIDE/plugins/com.st.stm32cube.ide.mcu.externaltools.gnu-tools-for-stm32.13.3.rel1.win32_1.0.0.202411081344/tools/bin/../lib/gcc/arm-none-eabi/13.3.1/../../../../arm-none-eabi/bin/ld.exe: ./Core/Src/pong.o: in function `pong_setup':
C:/Users/austi/Documents/USU/junor year/microcontrollers/Final Project/Pong/Pong/Debug/../Core/Src/pong.c:186: multiple definition of `pong_setup'; ./Core/Src/main.o:C:/Users/austi/Documents/USU/junor year/microcontrollers/Final Project/Pong/Pong/Debug/../Core/Src/pong.c:186: first defined here
C:/ST/STM32CubeIDE_1.19.0/STM32CubeIDE/plugins/com.st.stm32cube.ide.mcu.externaltools.gnu-tools-for-stm32.13.3.rel1.win32_1.0.0.202411081344/tools/bin/../lib/gcc/arm-none-eabi/13.3.1/../../../../arm-none-eabi/bin/ld.exe: ./Core/Src/main.o: in function `drawGame':
C:/Users/austi/Documents/USU/junor year/microcontrollers/Final Project/Pong/Pong/Debug/../Core/Src/pong.c:58:(.text.drawGame+0x6): undefined reference to `ssd1306_Clear'
C:/ST/STM32CubeIDE_1.19.0/STM32CubeIDE/plugins/com.st.stm32cube.ide.mcu.externaltools.gnu-tools-for-stm32.13.3.rel1.win32_1.0.0.202411081344/tools/bin/../lib/gcc/arm-none-eabi/13.3.1/../../../../arm-none-eabi/bin/ld.exe: ./Core/Src/main.o: in function `pong_loop':
C:/Users/austi/Documents/USU/junor year/microcontrollers/Final Project/Pong/Pong/Debug/../Core/Src/pong.c:174:(.text.pong_loop+0x25a): undefined reference to `ssd1306_Clear'
C:/ST/STM32CubeIDE_1.19.0/STM32CubeIDE/plugins/com.st.stm32cube.ide.mcu.externaltools.gnu-tools-for-stm32.13.3.rel1.win32_1.0.0.202411081344/tools/bin/../lib/gcc/arm-none-eabi/13.3.1/../../../../arm-none-eabi/bin/ld.exe: ./Core/Src/main.o: in function `pong_setup':
C:/Users/austi/Documents/USU/junor year/microcontrollers/Final Project/Pong/Pong/Debug/../Core/Src/pong.c:187:(.text.pong_setup+0x6): undefined reference to `ssd1306_Clear'
collect2.exe: error: ld returned 1 exit status
make: *** [makefile:65: Pong.elf] Error 1
"make -j22 all" terminated with exit code 2. Build might be incomplete.
23:49:19 **** Incremental Build of configuration Debug for project Pong ****
make -j22 all 
arm-none-eabi-gcc "../Core/Src/main.c" -mcpu=cortex-m4 -std=gnu11 -g3 -DDEBUG -DUSE_HAL_DRIVER -DSTM32L476xx -c -I../Core/Inc -I"C:/Users/austi/Documents/USU/junor year/microcontrollers/Final Project/Pong/Pong/Drivers/OLED" -I../Drivers/STM32L4xx_HAL_Driver/Inc -I../Drivers/STM32L4xx_HAL_Driver/Inc/Legacy -I../Drivers/CMSIS/Device/ST/STM32L4xx/Include -I../Drivers/CMSIS/Include -O0 -ffunction-sections -fdata-sections -Wall -fstack-usage -fcyclomatic-complexity -MMD -MP -MF"Core/Src/main.d" -MT"Core/Src/main.o" --specs=nano.specs -mfpu=fpv4-sp-d16 -mfloat-abi=hard -mthumb -o "Core/Src/main.o"
arm-none-eabi-gcc "../Core/Src/pong.c" -mcpu=cortex-m4 -std=gnu11 -g3 -DDEBUG -DUSE_HAL_DRIVER -DSTM32L476xx -c -I../Core/Inc -I"C:/Users/austi/Documents/USU/junor year/microcontrollers/Final Project/Pong/Pong/Drivers/OLED" -I../Drivers/STM32L4xx_HAL_Driver/Inc -I../Drivers/STM32L4xx_HAL_Driver/Inc/Legacy -I../Drivers/CMSIS/Device/ST/STM32L4xx/Include -I../Drivers/CMSIS/Include -O0 -ffunction-sections -fdata-sections -Wall -fstack-usage -fcyclomatic-complexity -MMD -MP -MF"Core/Src/pong.d" -MT"Core/Src/pong.o" --specs=nano.specs -mfpu=fpv4-sp-d16 -mfloat-abi=hard -mthumb -o "Core/Src/pong.o"
../Core/Src/main.c: In function 'main':
../Core/Src/main.c:81:14: warning: unused variable 'retVal' [-Wunused-variable]
   81 |         char retVal;
      |              ^~~~~~
../Core/Src/main.c:80:14: warning: unused variable 'myText_4' [-Wunused-variable]
   80 |         char myText_4[] = "Nunchuk Pong Game";
      |              ^~~~~~~~
../Core/Src/main.c:79:14: warning: unused variable 'myText_3' [-Wunused-variable]
   79 |         char myText_3[] = "Final Project";
      |              ^~~~~~~~
../Core/Src/main.c:78:14: warning: unused variable 'myText_2' [-Wunused-variable]
   78 |         char myText_2[] = "Microcontroller";
      |              ^~~~~~~~
../Core/Src/main.c:77:14: warning: unused variable 'myText_1' [-Wunused-variable]
   77 |         char myText_1[] = "ECE 3710";
      |              ^~~~~~~~
../Core/Src/pong.c:29:6: error: conflicting types for 'game_over'; have '_Bool'
   29 | bool game_over = false, win = false;
      |      ^~~~~~~~~
In file included from ../Core/Src/pong.c:14:
../Core/Src/pong.h:6:12: note: previous declaration of 'game_over' with type 'int'
    6 | extern int game_over;
      |            ^~~~~~~~~
../Core/Src/pong.c:29:25: error: conflicting types for 'win'; have '_Bool'
   29 | bool game_over = false, win = false;
      |                         ^~~
../Core/Src/pong.h:7:12: note: previous declaration of 'win' with type 'int'
    7 | extern int win;
      |            ^~~
../Core/Src/pong.c:30:9: error: conflicting types for 'player_score'; have 'uint8_t' {aka 'unsigned char'}
   30 | uint8_t player_score = 0, mcu_score = 0;
      |         ^~~~~~~~~~~~
../Core/Src/pong.h:8:12: note: previous declaration of 'player_score' with type 'int'
    8 | extern int player_score;
      |            ^~~~~~~~~~~~
../Core/Src/pong.c:30:27: error: conflicting types for 'mcu_score'; have 'uint8_t' {aka 'unsigned char'}
   30 | uint8_t player_score = 0, mcu_score = 0;
      |                           ^~~~~~~~~
../Core/Src/pong.h:9:12: note: previous declaration of 'mcu_score' with type 'int'
    9 | extern int mcu_score;
      |            ^~~~~~~~~
../Core/Src/pong.c:32:9: error: conflicting types for 'ball_x'; have 'uint8_t' {aka 'unsigned char'}
   32 | uint8_t ball_x = 53, ball_y = 26;
      |         ^~~~~~
../Core/Src/pong.h:10:12: note: previous declaration of 'ball_x' with type 'int'
   10 | extern int ball_x;
      |            ^~~~~~
../Core/Src/pong.c:32:22: error: conflicting types for 'ball_y'; have 'uint8_t' {aka 'unsigned char'}
   32 | uint8_t ball_x = 53, ball_y = 26;
      |                      ^~~~~~
../Core/Src/pong.h:11:12: note: previous declaration of 'ball_y' with type 'int'
   11 | extern int ball_y;
      |            ^~~~~~
../Core/Src/pong.c:33:8: error: conflicting types for 'ball_dir_x'; have 'int8_t' {aka 'signed char'}
   33 | int8_t ball_dir_x = 1, ball_dir_y = 1;
      |        ^~~~~~~~~~
../Core/Src/pong.h:12:12: note: previous declaration of 'ball_dir_x' with type 'int'
   12 | extern int ball_dir_x;
      |            ^~~~~~~~~~
../Core/Src/pong.c:33:24: error: conflicting types for 'ball_dir_y'; have 'int8_t' {aka 'signed char'}
   33 | int8_t ball_dir_x = 1, ball_dir_y = 1;
      |                        ^~~~~~~~~~
../Core/Src/pong.h:13:12: note: previous declaration of 'ball_dir_y' with type 'int'
   13 | extern int ball_dir_y;
      |            ^~~~~~~~~~
../Core/Src/pong.c:38:15: error: conflicting type qualifiers for 'MCU_X'
   38 | const uint8_t MCU_X = 12;
      |               ^~~~~
../Core/Src/pong.h:16:12: note: previous declaration of 'MCU_X' with type 'int'
   16 | extern int MCU_X;
      |            ^~~~~
../Core/Src/pong.c:39:9: error: conflicting types for 'mcu_y'; have 'uint8_t' {aka 'unsigned char'}
   39 | uint8_t mcu_y = 16;
      |         ^~~~~
../Core/Src/pong.h:17:12: note: previous declaration of 'mcu_y' with type 'int'
   17 | extern int mcu_y;
      |            ^~~~~
../Core/Src/pong.c:41:15: error: conflicting type qualifiers for 'PLAYER_X'
   41 | const uint8_t PLAYER_X = 115;
      |               ^~~~~~~~
../Core/Src/pong.h:18:12: note: previous declaration of 'PLAYER_X' with type 'int'
   18 | extern int PLAYER_X;
      |            ^~~~~~~~
../Core/Src/pong.c:42:9: error: conflicting types for 'player_y'; have 'uint8_t' {aka 'unsigned char'}
   42 | uint8_t player_y = 16;
      |         ^~~~~~~~
../Core/Src/pong.h:19:12: note: previous declaration of 'player_y' with type 'int'
   19 | extern int player_y;
      |            ^~~~~~~~
../Core/Src/pong.c:45:6: error: conflicting types for 'delay_ms'; have 'void(uint32_t)' {aka 'void(long unsigned int)'}
   45 | void delay_ms(uint32_t ms) {
      |      ^~~~~~~~
../Core/Src/pong.h:21:6: note: previous declaration of 'delay_ms' with type 'void(unsigned int)'
   21 | void delay_ms(unsigned int ms);
      |      ^~~~~~~~
../Core/Src/pong.c: In function 'drawGame':
../Core/Src/pong.c:61:5: warning: implicit declaration of function 'ssd1306_Clear' [-Wimplicit-function-declaration]
   61 |     ssd1306_Clear();
      |     ^~~~~~~~~~~~~
make: *** [Core/Src/subdir.mk:37: Core/Src/pong.o] Error 1
make: *** Waiting for unfinished jobs....
"make -j22 all" terminated with exit code 2. Build might be incomplete.
23:51:18 **** Incremental Build of configuration Debug for project Pong ****
make -j22 all 
arm-none-eabi-gcc "../Core/Src/main.c" -mcpu=cortex-m4 -std=gnu11 -g3 -DDEBUG -DUSE_HAL_DRIVER -DSTM32L476xx -c -I../Core/Inc -I"C:/Users/austi/Documents/USU/junor year/microcontrollers/Final Project/Pong/Pong/Drivers/OLED" -I../Drivers/STM32L4xx_HAL_Driver/Inc -I../Drivers/STM32L4xx_HAL_Driver/Inc/Legacy -I../Drivers/CMSIS/Device/ST/STM32L4xx/Include -I../Drivers/CMSIS/Include -O0 -ffunction-sections -fdata-sections -Wall -fstack-usage -fcyclomatic-complexity -MMD -MP -MF"Core/Src/main.d" -MT"Core/Src/main.o" --specs=nano.specs -mfpu=fpv4-sp-d16 -mfloat-abi=hard -mthumb -o "Core/Src/main.o"
arm-none-eabi-gcc "../Core/Src/pong.c" -mcpu=cortex-m4 -std=gnu11 -g3 -DDEBUG -DUSE_HAL_DRIVER -DSTM32L476xx -c -I../Core/Inc -I"C:/Users/austi/Documents/USU/junor year/microcontrollers/Final Project/Pong/Pong/Drivers/OLED" -I../Drivers/STM32L4xx_HAL_Driver/Inc -I../Drivers/STM32L4xx_HAL_Driver/Inc/Legacy -I../Drivers/CMSIS/Device/ST/STM32L4xx/Include -I../Drivers/CMSIS/Include -O0 -ffunction-sections -fdata-sections -Wall -fstack-usage -fcyclomatic-complexity -MMD -MP -MF"Core/Src/pong.d" -MT"Core/Src/pong.o" --specs=nano.specs -mfpu=fpv4-sp-d16 -mfloat-abi=hard -mthumb -o "Core/Src/pong.o"
../Core/Src/main.c: In function 'main':
../Core/Src/main.c:81:14: warning: unused variable 'retVal' [-Wunused-variable]
   81 |         char retVal;
      |              ^~~~~~
../Core/Src/main.c:80:14: warning: unused variable 'myText_4' [-Wunused-variable]
   80 |         char myText_4[] = "Nunchuk Pong Game";
      |              ^~~~~~~~
../Core/Src/main.c:79:14: warning: unused variable 'myText_3' [-Wunused-variable]
   79 |         char myText_3[] = "Final Project";
      |              ^~~~~~~~
../Core/Src/main.c:78:14: warning: unused variable 'myText_2' [-Wunused-variable]
   78 |         char myText_2[] = "Microcontroller";
      |              ^~~~~~~~
../Core/Src/main.c:77:14: warning: unused variable 'myText_1' [-Wunused-variable]
   77 |         char myText_1[] = "ECE 3710";
      |              ^~~~~~~~
../Core/Src/pong.c: In function 'drawGame':
../Core/Src/pong.c:61:5: warning: implicit declaration of function 'ssd1306_Clear' [-Wimplicit-function-declaration]
   61 |     ssd1306_Clear();
      |     ^~~~~~~~~~~~~
arm-none-eabi-gcc -o "Pong.elf" @"objects.list"   -mcpu=cortex-m4 -T"C:\Users\austi\Documents\USU\junor year\microcontrollers\Final Project\Pong\Pong\STM32L476RGTX_FLASH.ld" --specs=nosys.specs -Wl,-Map="Pong.map" -Wl,--gc-sections -static --specs=nano.specs -mfpu=fpv4-sp-d16 -mfloat-abi=hard -mthumb -Wl,--start-group -lc -lm -Wl,--end-group
C:/ST/STM32CubeIDE_1.19.0/STM32CubeIDE/plugins/com.st.stm32cube.ide.mcu.externaltools.gnu-tools-for-stm32.13.3.rel1.win32_1.0.0.202411081344/tools/bin/../lib/gcc/arm-none-eabi/13.3.1/../../../../arm-none-eabi/bin/ld.exe: ./Core/Src/pong.o: in function `drawGame':
C:/Users/austi/Documents/USU/junor year/microcontrollers/Final Project/Pong/Pong/Debug/../Core/Src/pong.c:61:(.text.drawGame+0x6): undefined reference to `ssd1306_Clear'
[...]
arm-none-eabi-gcc -o "Pong.elf" @"objects.list"   -mcpu=cortex-m4 -T"C:\Users\austi\Documents\USU\junor year\microcontrollers\Final Project\Pong\Pong\STM32L476RGTX_FLASH.ld" --specs=nosys.specs -Wl,-Map="Pong.map" -Wl,--gc-sections -static --specs=nano.specs -mfpu=fpv4-sp-d16 -mfloat-abi=hard -mthumb -Wl,--start-group -lc -lm -Wl,--end-group
C:/ST/STM32CubeIDE_1.19.0/STM32CubeIDE/plugins/com.st.stm32cube.ide.mcu.externaltools.gnu-tools-for-stm32.13.3.rel1.win32_1.0.0.202411081344/tools/bin/../lib/gcc/arm-none-eabi/13.3.1/../../../../arm-none-eabi/bin/ld.exe: ./Core/Src/pong.o: in function `drawGame':
C:/Users/austi/Documents/USU/junor year/microcontrollers/Final Project/Pong/Pong/Debug/../Core/Src/pong.c:61:(.text.drawGame+0x6): undefined reference to `ssd1306_Clear'
C:/ST/STM32CubeIDE_1.19.0/STM32CubeIDE/plugins/com.st.stm32cube.ide.mcu.externaltools.gnu-tools-for-stm32.13.3.rel1.win32_1.0.0.202411081344/tools/bin/../lib/gcc/arm-none-eabi/13.3.1/../../../../arm-none-eabi/bin/ld.exe: ./Core/Src/pong.o: in function `pong_loop':
C:/Users/austi/Documents/USU/junor year/microcontrollers/Final Project/Pong/Pong/Debug/../Core/Src/pong.c:177:(.text.pong_loop+0x25a): undefined reference to `ssd1306_Clear'
C:/ST/STM32CubeIDE_1.19.0/STM32CubeIDE/plugins/com.st.stm32cube.ide.mcu.externaltools.gnu-tools-for-stm32.13.3.rel1.win32_1.0.0.202411081344/tools/bin/../lib/gcc/arm-none-eabi/13.3.1/../../../../arm-none-eabi/bin/ld.exe: ./Core/Src/pong.o: in function `pong_setup':
C:/Users/austi/Documents/USU/junor year/microcontrollers/Final Project/Pong/Pong/Debug/../Core/Src/pong.c:190:(.text.pong_setup+0x6): undefined reference to `ssd1306_Clear'
collect2.exe: error: ld returned 1 exit status
make: *** [makefile:65: Pong.elf] Error 1
"make -j22 all" terminated with exit code 2. Build might be incomplete.
23:55:19 **** Incremental Build of configuration Debug for project Pong ****
make -j22 all 
arm-none-eabi-gcc "../Core/Src/main.c" -mcpu=cortex-m4 -std=gnu11 -g3 -DDEBUG -DUSE_HAL_DRIVER -DSTM32L476xx -c -I../Core/Inc -I"C:/Users/austi/Documents/USU/junor year/microcontrollers/Final Project/Pong/Pong/Drivers/OLED" -I../Drivers/STM32L4xx_HAL_Driver/Inc -I../Drivers/STM32L4xx_HAL_Driver/Inc/Legacy -I../Drivers/CMSIS/Device/ST/STM32L4xx/Include -I../Drivers/CMSIS/Include -O0 -ffunction-sections -fdata-sections -Wall -fstack-usage -fcyclomatic-complexity -MMD -MP -MF"Core/Src/main.d" -MT"Core/Src/main.o" --specs=nano.specs -mfpu=fpv4-sp-d16 -mfloat-abi=hard -mthumb -o "Core/Src/main.o"
arm-none-eabi-gcc "../Core/Src/pong.c" -mcpu=cortex-m4 -std=gnu11 -g3 -DDEBUG -DUSE_HAL_DRIVER -DSTM32L476xx -c -I../Core/Inc -I"C:/Users/austi/Documents/USU/junor year/microcontrollers/Final Project/Pong/Pong/Drivers/OLED" -I../Drivers/STM32L4xx_HAL_Driver/Inc -I../Drivers/STM32L4xx_HAL_Driver/Inc/Legacy -I../Drivers/CMSIS/Device/ST/STM32L4xx/Include -I../Drivers/CMSIS/Include -O0 -ffunction-sections -fdata-sections -Wall -fstack-usage -fcyclomatic-complexity -MMD -MP -MF"Core/Src/pong.d" -MT"Core/Src/pong.o" --specs=nano.specs -mfpu=fpv4-sp-d16 -mfloat-abi=hard -mthumb -o "Core/Src/pong.o"
../Core/Src/pong.c: In function 'drawGame':
../Core/Src/pong.c:61:5: warning: implicit declaration of function 'ssd1306_Clear' [-Wimplicit-function-declaration]
   61 |     ssd1306_Clear();
      |     ^~~~~~~~~~~~~
arm-none-eabi-gcc -o "Pong.elf" @"objects.list"   -mcpu=cortex-m4 -T"C:\Users\austi\Documents\USU\junor year\microcontrollers\Final Project\Pong\Pong\STM32L476RGTX_FLASH.ld" --specs=nosys.specs -Wl,-Map="Pong.map" -Wl,--gc-sections -static --specs=nano.specs -mfpu=fpv4-sp-d16 -mfloat-abi=hard -mthumb -Wl,--start-group -lc -lm -Wl,--end-group
C:/ST/STM32CubeIDE_1.19.0/STM32CubeIDE/plugins/com.st.stm32cube.ide.mcu.externaltools.gnu-tools-for-stm32.13.3.rel1.win32_1.0.0.202411081344/tools/bin/../lib/gcc/arm-none-eabi/13.3.1/../../../../arm-none-eabi/bin/ld.exe: ./Core/Src/pong.o: in function `drawGame':
C:/Users/austi/Documents/USU/junor year/microcontrollers/Final Project/Pong/Pong/Debug/../Core/Src/pong.c:61:(.text.drawGame+0x6): undefined reference to `ssd1306_Clear'
C:/ST/STM32CubeIDE_1.19.0/STM32CubeIDE/plugins/com.st.stm32cube.ide.mcu.externaltools.gnu-tools-for-stm32.13.3.rel1.win32_1.0.0.202411081344/tools/bin/../lib/gcc/arm-none-eabi/13.3.1/../../../../arm-none-eabi/bin/ld.exe: ./Core/Src/pong.o: in function `pong_loop':
C:/Users/austi/Documents/USU/junor year/microcontrollers/Final Project/Pong/Pong/Debug/../Core/Src/pong.c:177:(.text.pong_loop+0x25a): undefined reference to `ssd1306_Clear'
C:/ST/STM32CubeIDE_1.19.0/STM32CubeIDE/plugins/com.st.stm32cube.ide.mcu.externaltools.gnu-tools-for-stm32.13.3.rel1.win32_1.0.0.202411081344/tools/bin/../lib/gcc/arm-none-eabi/13.3.1/../../../../arm-none-eabi/bin/ld.exe: ./Core/Src/pong.o: in function `pong_setup':
C:/Users/austi/Documents/USU/junor year/microcontrollers/Final Project/Pong/Pong/Debug/../Core/Src/pong.c:190:(.text.pong_setup+0x6): undefined reference to `ssd1306_Clear'
collect2.exe: error: ld returned 1 exit status
make: *** [makefile:65: Pong.elf] Error 1
"make -j22 all" terminated with exit code 2. Build might be incomplete.
00:06:31 **** Incremental Build of configuration Debug for project Pong ****
make -j22 all 
arm-none-eabi-gcc "../Drivers/OLED/ssd1306.c" -mcpu=cortex-m4 -std=gnu11 -g3 -DDEBUG -DUSE_HAL_DRIVER -DSTM32L476xx -c -I../Core/Inc -I"C:/Users/austi/Documents/USU/junor year/microcontrollers/Final Project/Pong/Pong/Drivers/OLED" -I../Drivers/STM32L4xx_HAL_Driver/Inc -I../Drivers/STM32L4xx_HAL_Driver/Inc/Legacy -I../Drivers/CMSIS/Device/ST/STM32L4xx/Include -I../Drivers/CMSIS/Include -O0 -ffunction-sections -fdata-sections -Wall -fstack-usage -fcyclomatic-complexity -MMD -MP -MF"Drivers/OLED/ssd1306.d" -MT"Drivers/OLED/ssd1306.o" --specs=nano.specs -mfpu=fpv4-sp-d16 -mfloat-abi=hard -mthumb -o "Drivers/OLED/ssd1306.o"
arm-none-eabi-gcc "../Drivers/OLED/ssd1306_fonts.c" -mcpu=cortex-m4 -std=gnu11 -g3 -DDEBUG -DUSE_HAL_DRIVER -DSTM32L476xx -c -I../Core/Inc -I"C:/Users/austi/Documents/USU/junor year/microcontrollers/Final Project/Pong/Pong/Drivers/OLED" -I../Drivers/STM32L4xx_HAL_Driver/Inc -I../Drivers/STM32L4xx_HAL_Driver/Inc/Legacy -I../Drivers/CMSIS/Device/ST/STM32L4xx/Include -I../Drivers/CMSIS/Include -O0 -ffunction-sections -fdata-sections -Wall -fstack-usage -fcyclomatic-complexity -MMD -MP -MF"Drivers/OLED/ssd1306_fonts.d" -MT"Drivers/OLED/ssd1306_fonts.o" --specs=nano.specs -mfpu=fpv4-sp-d16 -mfloat-abi=hard -mthumb -o "Drivers/OLED/ssd1306_fonts.o"
arm-none-eabi-gcc "../Core/Src/main.c" -mcpu=cortex-m4 -std=gnu11 -g3 -DDEBUG -DUSE_HAL_DRIVER -DSTM32L476xx -c -I../Core/Inc -I"C:/Users/austi/Documents/USU/junor year/microcontrollers/Final Project/Pong/Pong/Drivers/OLED" -I../Drivers/STM32L4xx_HAL_Driver/Inc -I../Drivers/STM32L4xx_HAL_Driver/Inc/Legacy -I../Drivers/CMSIS/Device/ST/STM32L4xx/Include -I../Drivers/CMSIS/Include -O0 -ffunction-sections -fdata-sections -Wall -fstack-usage -fcyclomatic-complexity -MMD -MP -MF"Core/Src/main.d" -MT"Core/Src/main.o" --specs=nano.specs -mfpu=fpv4-sp-d16 -mfloat-abi=hard -mthumb -o "Core/Src/main.o"
arm-none-eabi-gcc "../Core/Src/pong.c" -mcpu=cortex-m4 -std=gnu11 -g3 -DDEBUG -DUSE_HAL_DRIVER -DSTM32L476xx -c -I../Core/Inc -I"C:/Users/austi/Documents/USU/junor year/microcontrollers/Final Project/Pong/Pong/Drivers/OLED" -I../Drivers/STM32L4xx_HAL_Driver/Inc -I../Drivers/STM32L4xx_HAL_Driver/Inc/Legacy -I../Drivers/CMSIS/Device/ST/STM32L4xx/Include -I../Drivers/CMSIS/Include -O0 -ffunction-sections -fdata-sections -Wall -fstack-usage -fcyclomatic-complexity -MMD -MP -MF"Core/Src/pong.d" -MT"Core/Src/pong.o" --specs=nano.specs -mfpu=fpv4-sp-d16 -mfloat-abi=hard -mthumb -o "Core/Src/pong.o"
arm-none-eabi-gcc -o "Pong.elf" @"objects.list"   -mcpu=cortex-m4 -T"C:\Users\austi\Documents\USU\junor year\microcontrollers\Final Project\Pong\Pong\STM32L476RGTX_FLASH.ld" --specs=nosys.specs -Wl,-Map="Pong.map" -Wl,--gc-sections -static --specs=nano.specs -mfpu=fpv4-sp-d16 -mfloat-abi=hard -mthumb -Wl,--start-group -lc -lm -Wl,--end-group
Finished building target: Pong.elf
 
arm-none-eabi-size  Pong.elf 
arm-none-eabi-objdump -h -S Pong.elf  > "Pong.list"
   text	   data	    bss	    dec	    hex	filename
  22452	    100	   3164	  25716	   6474	Pong.elf
Finished building: default.size.stdout
 
Finished building: Pong.list
 
00:06:40 **** Incremental Build of configuration Debug for project Pong ****
make -j22 all 
arm-none-eabi-size  Pong.elf 
   text	   data	    bss	    dec	    hex	filename
  22452	    100	   3164	  25716	   6474	Pong.elf
Finished building: default.size.stdout
 
00:08:58 **** Incremental Build of configuration Debug for project Pong ****
make -j22 all 
arm-none-eabi-gcc "../Core/Src/pong.c" -mcpu=cortex-m4 -std=gnu11 -g3 -DDEBUG -DUSE_HAL_DRIVER -DSTM32L476xx -c -I../Core/Inc -I"C:/Users/austi/Documents/USU/junor year/microcontrollers/Final Project/Pong/Pong/Drivers/OLED" -I../Drivers/STM32L4xx_HAL_Driver/Inc -I../Drivers/STM32L4xx_HAL_Driver/Inc/Legacy -I../Drivers/CMSIS/Device/ST/STM32L4xx/Include -I../Drivers/CMSIS/Include -O0 -ffunction-sections -fdata-sections -Wall -fstack-usage -fcyclomatic-complexity -MMD -MP -MF"Core/Src/pong.d" -MT"Core/Src/pong.o" --specs=nano.specs -mfpu=fpv4-sp-d16 -mfloat-abi=hard -mthumb -o "Core/Src/pong.o"
arm-none-eabi-gcc -o "Pong.elf" @"objects.list"   -mcpu=cortex-m4 -T"C:\Users\austi\Documents\USU\junor year\microcontrollers\Final Project\Pong\Pong\STM32L476RGTX_FLASH.ld" --specs=nosys.specs -Wl,-Map="Pong.map" -Wl,--gc-sections -static --specs=nano.specs -mfpu=fpv4-sp-d16 -mfloat-abi=hard -mthumb -Wl,--start-group -lc -lm -Wl,--end-group
Finished building target: Pong.elf
 
arm-none-eabi-size  Pong.elf 
arm-none-eabi-objdump -h -S Pong.elf  > "Pong.list"
   text	   data	    bss	    dec	    hex	filename
  22452	    100	   3164	  25716	   6474	Pong.elf
Finished building: default.size.stdout
 
Finished building: Pong.list
 
00:09:13 **** Incremental Build of configuration Debug for project Pong ****
make -j22 all 
arm-none-eabi-size  Pong.elf 
   text	   data	    bss	    dec	    hex	filename
  22452	    100	   3164	  25716	   6474	Pong.elf
Finished building: default.size.stdout
 
00:09:58 **** Incremental Build of configuration Debug for project Pong ****
make -j22 all 
arm-none-eabi-gcc "../Core/Src/pong.c" -mcpu=cortex-m4 -std=gnu11 -g3 -DDEBUG -DUSE_HAL_DRIVER -DSTM32L476xx -c -I../Core/Inc -I"C:/Users/austi/Documents/USU/junor year/microcontrollers/Final Project/Pong/Pong/Drivers/OLED" -I../Drivers/STM32L4xx_HAL_Driver/Inc -I../Drivers/STM32L4xx_HAL_Driver/Inc/Legacy -I../Drivers/CMSIS/Device/ST/STM32L4xx/Include -I../Drivers/CMSIS/Include -O0 -ffunction-sections -fdata-sections -Wall -fstack-usage -fcyclomatic-complexity -MMD -MP -MF"Core/Src/pong.d" -MT"Core/Src/pong.o" --specs=nano.specs -mfpu=fpv4-sp-d16 -mfloat-abi=hard -mthumb -o "Core/Src/pong.o"
arm-none-eabi-gcc -o "Pong.elf" @"objects.list"   -mcpu=cortex-m4 -T"C:\Users\austi\Documents\USU\junor year\microcontrollers\Final Project\Pong\Pong\STM32L476RGTX_FLASH.ld" --specs=nosys.specs -Wl,-Map="Pong.map" -Wl,--gc-sections -static --specs=nano.specs -mfpu=fpv4-sp-d16 -mfloat-abi=hard -mthumb -Wl,--start-group -lc -lm -Wl,--end-group
Finished building target: Pong.elf
 
arm-none-eabi-size  Pong.elf 
arm-none-eabi-objdump -h -S Pong.elf  > "Pong.list"
   text	   data	    bss	    dec	    hex	filename
  22452	    100	   3164	  25716	   6474	Pong.elf
Finished building: default.size.stdout
 
Finished building: Pong.list
 
00:10:02 **** Incremental Build of configuration Debug for project Pong ****
make -j22 all 
arm-none-eabi-size  Pong.elf 
   text	   data	    bss	    dec	    hex	filename
  22452	    100	   3164	  25716	   6474	Pong.elf
Finished building: default.size.stdout
 
00:10:33 **** Incremental Build of configuration Debug for project Pong ****
make -j22 all 
arm-none-eabi-gcc "../Core/Src/pong.c" -mcpu=cortex-m4 -std=gnu11 -g3 -DDEBUG -DUSE_HAL_DRIVER -DSTM32L476xx -c -I../Core/Inc -I"C:/Users/austi/Documents/USU/junor year/microcontrollers/Final Project/Pong/Pong/Drivers/OLED" -I../Drivers/STM32L4xx_HAL_Driver/Inc -I../Drivers/STM32L4xx_HAL_Driver/Inc/Legacy -I../Drivers/CMSIS/Device/ST/STM32L4xx/Include -I../Drivers/CMSIS/Include -O0 -ffunction-sections -fdata-sections -Wall -fstack-usage -fcyclomatic-complexity -MMD -MP -MF"Core/Src/pong.d" -MT"Core/Src/pong.o" --specs=nano.specs -mfpu=fpv4-sp-d16 -mfloat-abi=hard -mthumb -o "Core/Src/pong.o"
arm-none-eabi-gcc -o "Pong.elf" @"objects.list"   -mcpu=cortex-m4 -T"C:\Users\austi\Documents\USU\junor year\microcontrollers\Final Project\Pong\Pong\STM32L476RGTX_FLASH.ld" --specs=nosys.specs -Wl,-Map="Pong.map" -Wl,--gc-sections -static --specs=nano.specs -mfpu=fpv4-sp-d16 -mfloat-abi=hard -mthumb -Wl,--start-group -lc -lm -Wl,--end-group
Finished building target: Pong.elf
 
arm-none-eabi-size  Pong.elf 
arm-none-eabi-objdump -h -S Pong.elf  > "Pong.list"
   text	   data	    bss	    dec	    hex	filename
  22452	    100	   3164	  25716	   6474	Pong.elf
Finished building: default.size.stdout
 
Finished building: Pong.list
 
00:10:35 **** Incremental Build of configuration Debug for project Pong ****
make -j22 all 
arm-none-eabi-size  Pong.elf 
   text	   data	    bss	    dec	    hex	filename
  22452	    100	   3164	  25716	   6474	Pong.elf
Finished building: default.size.stdout
 
00:11:03 **** Incremental Build of configuration Debug for project Pong ****
make -j22 all 
arm-none-eabi-gcc "../Core/Src/pong.c" -mcpu=cortex-m4 -std=gnu11 -g3 -DDEBUG -DUSE_HAL_DRIVER -DSTM32L476xx -c -I../Core/Inc -I"C:/Users/austi/Documents/USU/junor year/microcontrollers/Final Project/Pong/Pong/Drivers/OLED" -I../Drivers/STM32L4xx_HAL_Driver/Inc -I../Drivers/STM32L4xx_HAL_Driver/Inc/Legacy -I../Drivers/CMSIS/Device/ST/STM32L4xx/Include -I../Drivers/CMSIS/Include -O0 -ffunction-sections -fdata-sections -Wall -fstack-usage -fcyclomatic-complexity -MMD -MP -MF"Core/Src/pong.d" -MT"Core/Src/pong.o" --specs=nano.specs -mfpu=fpv4-sp-d16 -mfloat-abi=hard -mthumb -o "Core/Src/pong.o"
arm-none-eabi-gcc -o "Pong.elf" @"objects.list"   -mcpu=cortex-m4 -T"C:\Users\austi\Documents\USU\junor year\microcontrollers\Final Project\Pong\Pong\STM32L476RGTX_FLASH.ld" --specs=nosys.specs -Wl,-Map="Pong.map" -Wl,--gc-sections -static --specs=nano.specs -mfpu=fpv4-sp-d16 -mfloat-abi=hard -mthumb -Wl,--start-group -lc -lm -Wl,--end-group
Finished building target: Pong.elf
 
arm-none-eabi-size  Pong.elf 
arm-none-eabi-objdump -h -S Pong.elf  > "Pong.list"
   text	   data	    bss	    dec	    hex	filename
  22452	    100	   3164	  25716	   6474	Pong.elf
Finished building: default.size.stdout
 
Finished building: Pong.list
 
00:11:06 **** Incremental Build of configuration Debug for project Pong ****
make -j22 all 
arm-none-eabi-size  Pong.elf 
   text	   data	    bss	    dec	    hex	filename
  22452	    100	   3164	  25716	   6474	Pong.elf
Finished building: default.size.stdout
 
00:11:24 **** Incremental Build of configuration Debug for project Pong ****
make -j22 all 
arm-none-eabi-gcc "../Core/Src/pong.c" -mcpu=cortex-m4 -std=gnu11 -g3 -DDEBUG -DUSE_HAL_DRIVER -DSTM32L476xx -c -I../Core/Inc -I"C:/Users/austi/Documents/USU/junor year/microcontrollers/Final Project/Pong/Pong/Drivers/OLED" -I../Drivers/STM32L4xx_HAL_Driver/Inc -I../Drivers/STM32L4xx_HAL_Driver/Inc/Legacy -I../Drivers/CMSIS/Device/ST/STM32L4xx/Include -I../Drivers/CMSIS/Include -O0 -ffunction-sections -fdata-sections -Wall -fstack-usage -fcyclomatic-complexity -MMD -MP -MF"Core/Src/pong.d" -MT"Core/Src/pong.o" --specs=nano.specs -mfpu=fpv4-sp-d16 -mfloat-abi=hard -mthumb -o "Core/Src/pong.o"
arm-none-eabi-gcc -o "Pong.elf" @"objects.list"   -mcpu=cortex-m4 -T"C:\Users\austi\Documents\USU\junor year\microcontrollers\Final Project\Pong\Pong\STM32L476RGTX_FLASH.ld" --specs=nosys.specs -Wl,-Map="Pong.map" -Wl,--gc-sections -static --specs=nano.specs -mfpu=fpv4-sp-d16 -mfloat-abi=hard -mthumb -Wl,--start-group -lc -lm -Wl,--end-group
Finished building target: Pong.elf
 
arm-none-eabi-size  Pong.elf 
arm-none-eabi-objdump -h -S Pong.elf  > "Pong.list"
   text	   data	    bss	    dec	    hex	filename
  22452	    100	   3164	  25716	   6474	Pong.elf
Finished building: default.size.stdout
 
Finished building: Pong.list
 
00:11:32 **** Incremental Build of configuration Debug for project Pong ****
make -j22 all 
arm-none-eabi-size  Pong.elf 
   text	   data	    bss	    dec	    hex	filename
  22452	    100	   3164	  25716	   6474	Pong.elf
Finished building: default.size.stdout
 
00:11:59 **** Incremental Build of configuration Debug for project Pong ****
make -j22 all 
arm-none-eabi-gcc "../Core/Src/pong.c" -mcpu=cortex-m4 -std=gnu11 -g3 -DDEBUG -DUSE_HAL_DRIVER -DSTM32L476xx -c -I../Core/Inc -I"C:/Users/austi/Documents/USU/junor year/microcontrollers/Final Project/Pong/Pong/Drivers/OLED" -I../Drivers/STM32L4xx_HAL_Driver/Inc -I../Drivers/STM32L4xx_HAL_Driver/Inc/Legacy -I../Drivers/CMSIS/Device/ST/STM32L4xx/Include -I../Drivers/CMSIS/Include -O0 -ffunction-sections -fdata-sections -Wall -fstack-usage -fcyclomatic-complexity -MMD -MP -MF"Core/Src/pong.d" -MT"Core/Src/pong.o" --specs=nano.specs -mfpu=fpv4-sp-d16 -mfloat-abi=hard -mthumb -o "Core/Src/pong.o"
arm-none-eabi-gcc -o "Pong.elf" @"objects.list"   -mcpu=cortex-m4 -T"C:\Users\austi\Documents\USU\junor year\microcontrollers\Final Project\Pong\Pong\STM32L476RGTX_FLASH.ld" --specs=nosys.specs -Wl,-Map="Pong.map" -Wl,--gc-sections -static --specs=nano.specs -mfpu=fpv4-sp-d16 -mfloat-abi=hard -mthumb -Wl,--start-group -lc -lm -Wl,--end-group
Finished building target: Pong.elf
 
arm-none-eabi-size  Pong.elf 
arm-none-eabi-objdump -h -S Pong.elf  > "Pong.list"
   text	   data	    bss	    dec	    hex	filename
  22452	    100	   3164	  25716	   6474	Pong.elf
Finished building: default.size.stdout
 
Finished building: Pong.list
 
00:12:16 **** Incremental Build of configuration Debug for project Pong ****
make -j22 all 
arm-none-eabi-gcc "../Core/Src/pong.c" -mcpu=cortex-m4 -std=gnu11 -g3 -DDEBUG -DUSE_HAL_DRIVER -DSTM32L476xx -c -I../Core/Inc -I"C:/Users/austi/Documents/USU/junor year/microcontrollers/Final Project/Pong/Pong/Drivers/OLED" -I../Drivers/STM32L4xx_HAL_Driver/Inc -I../Drivers/STM32L4xx_HAL_Driver/Inc/Legacy -I../Drivers/CMSIS/Device/ST/STM32L4xx/Include -I../Drivers/CMSIS/Include -O0 -ffunction-sections -fdata-sections -Wall -fstack-usage -fcyclomatic-complexity -MMD -MP -MF"Core/Src/pong.d" -MT"Core/Src/pong.o" --specs=nano.specs -mfpu=fpv4-sp-d16 -mfloat-abi=hard -mthumb -o "Core/Src/pong.o"
arm-none-eabi-gcc -o "Pong.elf" @"objects.list"   -mcpu=cortex-m4 -T"C:\Users\austi\Documents\USU\junor year\microcontrollers\Final Project\Pong\Pong\STM32L476RGTX_FLASH.ld" --specs=nosys.specs -Wl,-Map="Pong.map" -Wl,--gc-sections -static --specs=nano.specs -mfpu=fpv4-sp-d16 -mfloat-abi=hard -mthumb -Wl,--start-group -lc -lm -Wl,--end-group
Finished building target: Pong.elf
 
arm-none-eabi-size  Pong.elf 
arm-none-eabi-objdump -h -S Pong.elf  > "Pong.list"
   text	   data	    bss	    dec	    hex	filename
  22452	    100	   3164	  25716	   6474	Pong.elf
Finished building: default.size.stdout
 
Finished building: Pong.list
 
00:12:31 **** Incremental Build of configuration Debug for project Pong ****
make -j22 all 
arm-none-eabi-size  Pong.elf 
   text	   data	    bss	    dec	    hex	filename
  22452	    100	   3164	  25716	   6474	Pong.elf
Finished building: default.size.stdout
 
